09-17 13:08:25.987 30960 30960 D Jitsi   : [1] org.jitsi.android.gui.account.Account.setProtocolProvider().327 Registered listeners for ProtocolProviderServiceSipImpl(33675@192.168.125.254 (SIP))
09-17 13:08:25.990 30960 30960 D SQLiteCursor: received count(*) from native_fill_window: 0
09-17 13:08:25.992 30960 30960 D SQLiteCursor: received count(*) from native_fill_window: 0
09-17 13:08:25.994 30960 30960 D Jitsi   : [1] org.jitsi.android.gui.account.Account.addAccountEventListener().375 Added change listener org.jitsi.android.gui.account.AccountsListActivity$AccountStatusListAdapter@d28ac05
09-17 13:08:25.999 30960 30960 I Jitsi   : [1] org.jitsi.android.JitsiApplication.setCurrentActivity().353 Current activity set to org.jitsi.android.gui.account.AccountsListActivity@1eb5b14
09-17 13:08:26.011 30960 30977 W libEGL  : [ANDROID_RECORDABLE] format: 1
09-17 13:08:26.032 30960 30977 D mali_winsys: EGLint new_window_surface(egl_winsys_display*, void*, EGLSurface, EGLConfig, egl_winsys_surface**, egl_color_buffer_format*, EGLBoolean) returns 0x3000
09-17 13:08:26.049 30960 30960 D SQLiteCursor: received count(*) from native_fill_window: 0
09-17 13:08:26.051 30960 30960 D SQLiteCursor: received count(*) from native_fill_window: 0
09-17 13:08:26.053 30960 30960 D SQLiteCursor: received count(*) from native_fill_window: 0
09-17 13:08:26.055 30960 30960 D SQLiteCursor: received count(*) from native_fill_window: 0
09-17 13:08:26.115 30960 30960 W IInputConnectionWrapper: finishComposingText on inactive InputConnection
09-17 13:08:26.378 30960 30960 D WindowClient: Remove from mViews: DecorView@4eaf0d0[AccountLoginActivity], this = android.view.WindowManagerGlobal@d7666f7
09-17 13:08:27.292 30960 30960 I View    : Key down dispatch to android.widget.ListView{7f0eab9 VFED.VC.. .F....ID 0,0-1024,503 #7f080029 app:id/accountListView}, event = KeyEvent { action=ACTION_DOWN, keyCode=KEYCODE_BACK, scanCode=158, metaState=0, flags=0x8, repeatCount=0, eventTime=5946028099, downTime=5946028099, deviceId=1, source=0x101 }
09-17 13:08:27.355 30960 30960 I View    : Key up dispatch to android.widget.ListView{7f0eab9 VFED.VC.. .F....ID 0,0-1024,503 #7f080029 app:id/accountListView}, event = KeyEvent { action=ACTION_UP, keyCode=KEYCODE_BACK, scanCode=158, metaState=0, flags=0x8, repeatCount=0, eventTime=5946028165, downTime=5946028099, deviceId=1, source=0x101 }
09-17 13:08:27.370 30960 30960 I Jitsi   : [1] org.jitsi.android.JitsiApplication.setCurrentActivity().353 Current activity set to null
09-17 13:08:27.393 30960 30960 I Jitsi   : [1] org.jitsi.android.JitsiApplication.setCurrentActivity().353 Current activity set to org.jitsi.android.gui.Jitsi@a0746
09-17 13:08:27.399 30960 30960 D Jitsi   : [1] org.jitsi.android.gui.chat.ChatSessionManager.setCurrentChatId().192 Current chat id: null
09-17 13:08:27.401 30960 30960 D Jitsi   : [1] org.jitsi.android.gui.chat.ChatSessionManager.setCurrentChatId().203 Chat for id: null no longer exists
09-17 13:08:27.403 30960 30960 D Jitsi   : [1] org.jitsi.android.gui.chat.ChatSessionManager.setCurrentChatId().192 Current chat id: null
09-17 13:08:27.405 30960 30960 D Jitsi   : [1] org.jitsi.android.gui.chat.ChatSessionManager.setCurrentChatId().203 Chat for id: null no longer exists
09-17 13:08:27.431 30960 30977 W libEGL  : [ANDROID_RECORDABLE] format: 1
09-17 13:08:27.453 30960 30977 D mali_winsys: EGLint new_window_surface(egl_winsys_display*, void*, EGLSurface, EGLConfig, egl_winsys_surface**, egl_color_buffer_format*, EGLBoolean) returns 0x3000
09-17 13:08:27.813 30960 30960 D WindowClient: Remove from mViews: DecorView@3440620[AccountsListActivity], this = android.view.WindowManagerGlobal@d7666f7
09-17 13:08:28.443 30960 31076 D Jitsi   : [376] impl.protocol.sip.ProtocolProviderServiceSipImpl.getListeningPoint().1703 Query for a UDP listening point
09-17 13:08:28.444 30960 31076 D Jitsi   : [376] impl.protocol.sip.ProtocolProviderServiceSipImpl.getListeningPoint().1709 Will use proxy address
09-17 13:08:28.445 30960 31076 D Jitsi   : [376] impl.protocol.sip.ProtocolProviderServiceSipImpl.getListeningPoint().1735 Returning LP android.gov.nist.javax.sip.ListeningPointImpl@358fa68 for transport [UDP] and 
09-17 13:08:28.446 30960 31076 D libc-netbsd: [getaddrinfo]: mtk hostname=192.168.125.254; servname=(null); netid=0; mark=0
09-17 13:08:28.446 30960 31076 D libc-netbsd: [getaddrinfo]: mtk ai_addrlen=0; ai_canonname=(null); ai_flags=4; ai_family=0
09-17 13:08:28.486 30960 30960 I Jitsi   : [1] org.jitsi.android.JitsiApplication.setCurrentActivity().353 Current activity set to null
09-17 13:08:28.490 30960 30960 D Jitsi   : [1] org.jitsi.android.gui.chat.ChatSessionManager.setCurrentChatId().192 Current chat id: null
09-17 13:08:28.492 30960 30960 D Jitsi   : [1] org.jitsi.android.gui.chat.ChatSessionManager.setCurrentChatId().203 Chat for id: null no longer exists
09-17 13:08:28.537 30960 30960 D SQLiteCursor: received count(*) from native_fill_window: 0
09-17 13:08:28.539 30960 30960 D SQLiteCursor: received count(*) from native_fill_window: 0
09-17 13:08:28.541 30960 30960 D SQLiteCursor: received count(*) from native_fill_window: 0
09-17 13:08:28.543 30960 30960 D SQLiteCursor: received count(*) from native_fill_window: 0
09-17 13:08:28.545 30960 30960 D SQLiteCursor: received count(*) from native_fill_window: 0
09-17 13:08:28.547 30960 30960 D SQLiteCursor: received count(*) from native_fill_window: 0
09-17 13:08:28.550 30960 30960 D Jitsi   : [1] org.jitsi.android.gui.account.Account.setProtocolProvider().327 Registered listeners for ProtocolProviderServiceSipImpl(34234@192.168.125.254 (SIP))
09-17 13:08:28.553 30960 30960 D SQLiteCursor: received count(*) from native_fill_window: 0
09-17 13:08:28.555 30960 30960 D SQLiteCursor: received count(*) from native_fill_window: 0
09-17 13:08:28.557 30960 30960 D Jitsi   : [1] org.jitsi.android.gui.account.Account.addAccountEventListener().375 Added change listener org.jitsi.android.gui.account.AccountsListAdapter@8e51eb7
09-17 13:08:28.559 30960 30960 D Jitsi   : [1] org.jitsi.android.gui.account.Account.setProtocolProvider().327 Registered listeners for ProtocolProviderServiceSipImpl(33675@192.168.125.254 (SIP))
09-17 13:08:28.563 30960 30960 D SQLiteCursor: received count(*) from native_fill_window: 0
09-17 13:08:28.565 30960 30960 D SQLiteCursor: received count(*) from native_fill_window: 0
09-17 13:08:28.567 30960 30960 D SQLiteCursor: received count(*) from native_fill_window: 0
09-17 13:08:28.569 30960 30960 D SQLiteCursor: received count(*) from native_fill_window: 0
09-17 13:08:28.572 30960 30960 D SQLiteCursor: received count(*) from native_fill_window: 0
09-17 13:08:28.574 30960 30960 D SQLiteCursor: received count(*) from native_fill_window: 0
09-17 13:08:28.577 30960 30960 D Jitsi   : [1] org.jitsi.android.gui.account.Account.addAccountEventListener().375 Added change listener org.jitsi.android.gui.account.AccountsListAdapter@8e51eb7
09-17 13:08:28.579 30960 30960 D Jitsi   : [1] org.jitsi.android.gui.account.Account.setProtocolProvider().327 Registered listeners for ProtocolProviderServiceSipImpl(+867598204021@ims.ge.chinamobile.com (SIP))
09-17 13:08:28.582 30960 30960 D SQLiteCursor: received count(*) from native_fill_window: 0
09-17 13:08:28.584 30960 30960 D SQLiteCursor: received count(*) from native_fill_window: 0
09-17 13:08:28.586 30960 30960 D Jitsi   : [1] org.jitsi.android.gui.account.Account.addAccountEventListener().375 Added change listener org.jitsi.android.gui.account.AccountsListAdapter@8e51eb7
09-17 13:08:28.596 30960 30960 I Jitsi   : [1] org.jitsi.android.JitsiApplication.setCurrentActivity().353 Current activity set to org.jitsi.android.gui.contactlist.AddContactActivity@94101e1
09-17 13:08:28.598 30960 30960 D WindowClient: Add to mViews: DecorView@d7f7a3d[AddContactActivity], this = android.view.WindowManagerGlobal@d7666f7
09-17 13:08:28.603 30960 30960 D ViewRootImpl[AddContactActivity]: hardware acceleration is enabled, this = ViewRoot{ae2d89 org.jitsi/org.jitsi.android.gui.contactlist.AddContactActivity,ident = 8}
09-17 13:08:28.656 30960 30977 W libEGL  : [ANDROID_RECORDABLE] format: 1
09-17 13:08:28.673 30960 30977 D mali_winsys: EGLint new_window_surface(egl_winsys_display*, void*, EGLSurface, EGLConfig, egl_winsys_surface**, egl_color_buffer_format*, EGLBoolean) returns 0x3000
09-17 13:08:28.706 30960 31084 D Jitsi   : [384] impl.protocol.sip.ProtocolProviderServiceSipImpl.getListeningPoint().1703 Query for a UDP listening point
09-17 13:08:28.707 30960 31084 D Jitsi   : [384] impl.protocol.sip.ProtocolProviderServiceSipImpl.getListeningPoint().1709 Will use proxy address
09-17 13:08:28.710 30960 31084 D Jitsi   : [384] impl.protocol.sip.ProtocolProviderServiceSipImpl.getListeningPoint().1735 Returning LP android.gov.nist.javax.sip.ListeningPointImpl@358fa68 for transport [UDP] and 
09-17 13:08:28.710 30960 31084 D libc-netbsd: [getaddrinfo]: mtk hostname=192.168.125.254; servname=(null); netid=0; mark=0
09-17 13:08:28.711 30960 31084 D libc-netbsd: [getaddrinfo]: mtk ai_addrlen=0; ai_canonname=(null); ai_flags=4; ai_family=0
09-17 13:08:30.054 30960 30960 D WindowClient: Add to mViews: android.widget.PopupWindow$PopupDecorView{f5e9b28 V.E...... ......I. 0,0-0,0}, this = android.view.WindowManagerGlobal@d7666f7
09-17 13:08:30.057 30960 30960 D ViewRootImpl[PopupWindow:891661a]: hardware acceleration is enabled, this = ViewRoot{77e7041 PopupWindow:891661a,ident = 9}
09-17 13:08:30.077 30960 30977 W libEGL  : [ANDROID_RECORDABLE] format: 1
09-17 13:08:30.081 30960 30977 D mali_winsys: EGLint new_window_surface(egl_winsys_display*, void*, EGLSurface, EGLConfig, egl_winsys_surface**, egl_color_buffer_format*, EGLBoolean) returns 0x3000
09-17 13:08:31.598 30960 30960 D WindowClient: Remove from mViews: android.widget.PopupWindow$PopupDecorView{f5e9b28 V.E...... .......D 0,0-508,168}, this = android.view.WindowManagerGlobal@d7666f7
09-17 13:08:31.598 30960 30960 W InputEventReceiver: Attempted to finish an input event but the input event receiver has already been disposed.
09-17 13:08:34.976 30960 30960 D WindowClient: Add to mViews: android.widget.PopupWindow$PopupDecorView{62e1559 V.E...... ......I. 0,0-0,0}, this = android.view.WindowManagerGlobal@d7666f7
09-17 13:08:34.979 30960 30960 D ViewRootImpl[PopupWindow:93a7ea3]: hardware acceleration is enabled, this = ViewRoot{7f6651e PopupWindow:93a7ea3,ident = 10}
09-17 13:08:35.004 30960 30977 W libEGL  : [ANDROID_RECORDABLE] format: 1
09-17 13:08:35.007 30960 30977 D mali_winsys: EGLint new_window_surface(egl_winsys_display*, void*, EGLSurface, EGLConfig, egl_winsys_surface**, egl_color_buffer_format*, EGLBoolean) returns 0x3000
09-17 13:08:35.126 30960 30960 D WindowClient: Remove from mViews: android.widget.PopupWindow$PopupDecorView{62e1559 V.E...... .......D 0,0-508,101}, this = android.view.WindowManagerGlobal@d7666f7
09-17 13:08:35.170 30960 30960 I Jitsi   : [1] org.jitsi.android.JitsiApplication.setCurrentActivity().353 Current activity set to null
09-17 13:08:35.236 30960 30960 I Jitsi   : [1] org.jitsi.android.JitsiApplication.setCurrentActivity().353 Current activity set to org.jitsi.android.gui.DialogActivity@c9eca7e
09-17 13:08:35.238 30960 30960 D WindowClient: Add to mViews: DecorView@c67c8ef[DialogActivity], this = android.view.WindowManagerGlobal@d7666f7
09-17 13:08:35.242 30960 30960 D ViewRootImpl[DialogActivity]: hardware acceleration is enabled, this = ViewRoot{4d64924 org.jitsi/org.jitsi.android.gui.DialogActivity,ident = 11}
09-17 13:08:35.285 30960 30977 W libEGL  : [ANDROID_RECORDABLE] format: 1
09-17 13:08:35.292 30960 30977 D mali_winsys: EGLint new_window_surface(egl_winsys_display*, void*, EGLSurface, EGLConfig, egl_winsys_surface**, egl_color_buffer_format*, EGLBoolean) returns 0x3000
09-17 13:08:35.330 30960 30960 W IInputConnectionWrapper: finishComposingText on inactive InputConnection
09-17 13:08:37.169 30960 30960 I Jitsi   : [1] org.jitsi.android.JitsiApplication.setCurrentActivity().353 Current activity set to null
09-17 13:08:37.279 30960 30960 D WindowClient: Remove from mViews: DecorView@c67c8ef[DialogActivity], this = android.view.WindowManagerGlobal@d7666f7
09-17 13:08:37.289 30960 30960 I Jitsi   : [1] org.jitsi.android.JitsiApplication.setCurrentActivity().353 Current activity set to org.jitsi.android.gui.contactlist.AddContactActivity@94101e1
09-17 13:08:37.317 30960 30960 W IInputConnectionWrapper: finishComposingText on inactive InputConnection
09-17 13:08:37.363 30960 30960 W IInputConnectionWrapper: finishComposingText on inactive InputConnection
09-17 13:08:44.285 30960 30960 E Jitsi   : [1] util.UtilActivator.uncaughtException().140 An uncaught exception occurred in thread=Thread[main,5,main] and message was: Could not execute method for android:onClick
09-17 13:08:44.285 30960 30960 E Jitsi   : java.lang.IllegalStateException: Could not execute method for android:onClick
09-17 13:08:44.285 30960 30960 E Jitsi   : 	at android.view.View$DeclaredOnClickListener.onClick(View.java:4749)
09-17 13:08:44.285 30960 30960 E Jitsi   : 	at android.view.View.performClick(View.java:5675)
09-17 13:08:44.285 30960 30960 E Jitsi   : 	at android.view.View$PerformClick.run(View.java:22641)
09-17 13:08:44.285 30960 30960 E Jitsi   : 	at android.os.Handler.handleCallback(Handler.java:836)
09-17 13:08:44.285 30960 30960 E Jitsi   : 	at android.os.Handler.dispatchMessage(Handler.java:103)
09-17 13:08:44.285 30960 30960 E Jitsi   : 	at android.os.Looper.loop(Looper.java:203)
09-17 13:08:44.285 30960 30960 E Jitsi   : 	at android.app.ActivityThread.main(ActivityThread.java:6251)
09-17 13:08:44.285 30960 30960 E Jitsi   : 	at java.lang.reflect.Method.invoke(Native Method)
09-17 13:08:44.285 30960 30960 E Jitsi   : 	at com.android.internal.os.ZygoteInit$MethodAndArgsCaller.run(ZygoteInit.java:1063)
09-17 13:08:44.285 30960 30960 E Jitsi   : 	at com.android.internal.os.ZygoteInit.main(ZygoteInit.java:924)
09-17 13:08:44.285 30960 30960 E Jitsi   : Caused by: java.lang.reflect.InvocationTargetException
09-17 13:08:44.285 30960 30960 E Jitsi   : 	at java.lang.reflect.Method.invoke(Native Method)
09-17 13:08:44.285 30960 30960 E Jitsi   : 	at android.view.View$DeclaredOnClickListener.onClick(View.java:4744)
09-17 13:08:44.285 30960 30960 E Jitsi   : 	... 9 more
09-17 13:08:44.285 30960 30960 E Jitsi   : Caused by: java.lang.ClassCastException: java.lang.Object cannot be cast to net.java.sip.communicator.service.contactlist.MetaContactGroup
09-17 13:08:44.285 30960 30960 E Jitsi   : 	at org.jitsi.android.gui.contactlist.AddContactActivity.onAddClicked(AddContactActivity.java:180)
09-17 13:08:44.285 30960 30960 E Jitsi   : 	... 11 more
09-17 13:08:44.287 30960 30960 E Jitsi   : [1] org.jitsi.android.plugin.errorhandler.ExceptionHandler.uncaughtException().95 Uncaught exception occurred, killing the process...
09-17 13:08:44.287 30960 30960 E Jitsi   : java.lang.IllegalStateException: Could not execute method for android:onClick
09-17 13:08:44.287 30960 30960 E Jitsi   : 	at android.view.View$DeclaredOnClickListener.onClick(View.java:4749)
09-17 13:08:44.287 30960 30960 E Jitsi   : 	at android.view.View.performClick(View.java:5675)
09-17 13:08:44.287 30960 30960 E Jitsi   : 	at android.view.View$PerformClick.run(View.java:22641)
09-17 13:08:44.287 30960 30960 E Jitsi   : 	at android.os.Handler.handleCallback(Handler.java:836)
09-17 13:08:44.287 30960 30960 E Jitsi   : 	at android.os.Handler.dispatchMessage(Handler.java:103)
09-17 13:08:44.287 30960 30960 E Jitsi   : 	at android.os.Looper.loop(Looper.java:203)
09-17 13:08:44.287 30960 30960 E Jitsi   : 	at android.app.ActivityThread.main(ActivityThread.java:6251)
09-17 13:08:44.287 30960 30960 E Jitsi   : 	at java.lang.reflect.Method.invoke(Native Method)
09-17 13:08:44.287 30960 30960 E Jitsi   : 	at com.android.internal.os.ZygoteInit$MethodAndArgsCaller.run(ZygoteInit.java:1063)
09-17 13:08:44.287 30960 30960 E Jitsi   : 	at com.android.internal.os.ZygoteInit.main(ZygoteInit.java:924)
09-17 13:08:44.287 30960 30960 E Jitsi   : Caused by: java.lang.reflect.InvocationTargetException
09-17 13:08:44.287 30960 30960 E Jitsi   : 	at java.lang.reflect.Method.invoke(Native Method)
09-17 13:08:44.287 30960 30960 E Jitsi   : 	at android.view.View$DeclaredOnClickListener.onClick(View.java:4744)
09-17 13:08:44.287 30960 30960 E Jitsi   : 	... 9 more
09-17 13:08:44.287 30960 30960 E Jitsi   : Caused by: java.lang.ClassCastException: java.lang.Object cannot be cast to net.java.sip.communicator.service.contactlist.MetaContactGroup
09-17 13:08:44.287 30960 30960 E Jitsi   : 	at org.jitsi.android.gui.contactlist.AddContactActivity.onAddClicked(AddContactActivity.java:180)
09-17 13:08:44.287 30960 30960 E Jitsi   : 	... 11 more
09-17 13:08:44.299 30960 30960 I Process : Sending signal. PID: 30960 SIG: 9
