--------- beginning of main
09-15 21:30:58.415 18410 18429 D SQLiteCursor: received count(*) from native_fill_window: 97
09-15 21:30:58.419 18410 18429 D SQLiteCursor: received count(*) from native_fill_window: 97
09-15 21:30:58.424 18410 18429 D SQLiteCursor: received count(*) from native_fill_window: 0
09-15 21:30:58.425 18410 18429 D Jitsi   : [2103] org.jitsi.impl.configuration.ConfigurationServiceImpl.trace() net.java.sip.communicator.impl.notifications.eventType1600171258421( oldValue=null, newValue=IncomingFile.
09-15 21:30:58.440 18410 18429 D SQLiteCursor: received count(*) from native_fill_window: 0
09-15 21:30:58.442 18410 18429 D SQLiteCursor: received count(*) from native_fill_window: 0
09-15 21:30:58.446 18410 18429 D Jitsi   : [2103] org.jitsi.impl.configuration.ConfigurationServiceImpl.debug() Created an empty file in $HOME: /data/user/0/org.jitsi/files/sip-communicator.xml
09-15 21:30:58.449 18410 18429 D SQLiteCursor: received count(*) from native_fill_window: 0
09-15 21:30:58.451 18410 18429 D SQLiteCursor: received count(*) from native_fill_window: 0
09-15 21:30:58.454 18410 18429 D SQLiteCursor: received count(*) from native_fill_window: 98
09-15 21:30:58.458 18410 18429 D SQLiteCursor: received count(*) from native_fill_window: 0
09-15 21:30:58.461 18410 18429 D SQLiteCursor: received count(*) from native_fill_window: 0
09-15 21:30:58.463 18410 18429 D SQLiteCursor: received count(*) from native_fill_window: 0
09-15 21:30:58.466 18410 18429 D SQLiteCursor: received count(*) from native_fill_window: 0
09-15 21:30:58.468 18410 18429 D SQLiteCursor: received count(*) from native_fill_window: 0
09-15 21:30:58.471 18410 18429 D SQLiteCursor: received count(*) from native_fill_window: 0
09-15 21:30:58.529 18410 18429 D SQLiteCursor: received count(*) from native_fill_window: 0
09-15 21:30:58.531 18410 18429 D SQLiteCursor: received count(*) from native_fill_window: 0
09-15 21:30:58.535 18410 18429 D Jitsi   : [2103] org.jitsi.impl.configuration.ConfigurationServiceImpl.debug() Created an empty file in $HOME: /data/user/0/org.jitsi/files/sip-communicator.xml
09-15 21:30:58.538 18410 18429 D SQLiteCursor: received count(*) from native_fill_window: 0
09-15 21:30:58.540 18410 18429 D SQLiteCursor: received count(*) from native_fill_window: 0
09-15 21:30:58.542 18410 18429 D SQLiteCursor: received count(*) from native_fill_window: 102
09-15 21:30:58.547 18410 18429 D SQLiteCursor: received count(*) from native_fill_window: 102
09-15 21:30:58.550 18410 18429 D SQLiteCursor: received count(*) from native_fill_window: 102
09-15 21:30:58.554 18410 18429 D SQLiteCursor: received count(*) from native_fill_window: 102
09-15 21:30:58.558 18410 18429 D SQLiteCursor: received count(*) from native_fill_window: 0
09-15 21:30:58.561 18410 18429 D SQLiteCursor: received count(*) from native_fill_window: 0
09-15 21:30:58.563 18410 18429 D SQLiteCursor: received count(*) from native_fill_window: 0
09-15 21:30:58.565 18410 18429 D SQLiteCursor: received count(*) from native_fill_window: 0
09-15 21:30:58.567 18410 18429 D SQLiteCursor: received count(*) from native_fill_window: 0
09-15 21:30:58.569 18410 18429 D SQLiteCursor: received count(*) from native_fill_window: 0
09-15 21:30:58.571 18410 18429 D SQLiteCursor: received count(*) from native_fill_window: 0
09-15 21:30:58.574 18410 18429 D SQLiteCursor: received count(*) from native_fill_window: 0
09-15 21:30:58.671 18410 18429 D SQLiteCursor: received count(*) from native_fill_window: 0
09-15 21:30:58.674 18410 18429 D SQLiteCursor: received count(*) from native_fill_window: 0
09-15 21:30:58.679 18410 18429 D Jitsi   : [2103] org.jitsi.impl.configuration.ConfigurationServiceImpl.debug() Created an empty file in $HOME: /data/user/0/org.jitsi/files/sip-communicator.xml
09-15 21:30:58.681 18410 18429 D SQLiteCursor: received count(*) from native_fill_window: 0
09-15 21:30:58.684 18410 18429 D SQLiteCursor: received count(*) from native_fill_window: 0
09-15 21:30:58.685 18410 18429 D Jitsi   : [2103] service.notification.NotificationServiceImpl.registerDefaultNotificationForEvent().865 Registering default event CallSaved/PopupMessageAction/null/null
09-15 21:30:58.687 18410 18429 D SQLiteCursor: received count(*) from native_fill_window: 109
09-15 21:30:58.693 18410 18429 D SQLiteCursor: received count(*) from native_fill_window: 109
09-15 21:30:58.697 18410 18429 D SQLiteCursor: received count(*) from native_fill_window: 0
09-15 21:30:58.698 18410 18429 D Jitsi   : [2103] org.jitsi.impl.configuration.ConfigurationServiceImpl.trace() net.java.sip.communicator.impl.notifications.eventType1600171258695( oldValue=null, newValue=CallSaved.
09-15 21:30:58.722 18410 18429 D SQLiteCursor: received count(*) from native_fill_window: 0
09-15 21:30:58.724 18410 18429 D SQLiteCursor: received count(*) from native_fill_window: 0
09-15 21:30:58.728 18410 18429 D Jitsi   : [2103] org.jitsi.impl.configuration.ConfigurationServiceImpl.debug() Created an empty file in $HOME: /data/user/0/org.jitsi/files/sip-communicator.xml
09-15 21:30:58.730 18410 18429 D SQLiteCursor: received count(*) from native_fill_window: 0
09-15 21:30:58.732 18410 18429 D SQLiteCursor: received count(*) from native_fill_window: 0
09-15 21:30:58.735 18410 18429 D SQLiteCursor: received count(*) from native_fill_window: 110
09-15 21:30:58.739 18410 18429 D SQLiteCursor: received count(*) from native_fill_window: 0
09-15 21:30:58.741 18410 18429 D SQLiteCursor: received count(*) from native_fill_window: 0
09-15 21:30:58.743 18410 18429 D SQLiteCursor: received count(*) from native_fill_window: 0
09-15 21:30:58.745 18410 18429 D SQLiteCursor: received count(*) from native_fill_window: 0
09-15 21:30:58.747 18410 18429 D SQLiteCursor: received count(*) from native_fill_window: 0
09-15 21:30:58.749 18410 18429 D SQLiteCursor: received count(*) from native_fill_window: 0
09-15 21:30:58.828 18410 18429 D SQLiteCursor: received count(*) from native_fill_window: 0
09-15 21:30:58.830 18410 18429 D SQLiteCursor: received count(*) from native_fill_window: 0
09-15 21:30:58.835 18410 18429 D Jitsi   : [2103] org.jitsi.impl.configuration.ConfigurationServiceImpl.debug() Created an empty file in $HOME: /data/user/0/org.jitsi/files/sip-communicator.xml
09-15 21:30:58.837 18410 18429 D SQLiteCursor: received count(*) from native_fill_window: 0
09-15 21:30:58.840 18410 18429 D SQLiteCursor: received count(*) from native_fill_window: 0
09-15 21:30:58.843 18410 18429 I Jitsi   : [2103] plugin.notificationwiring.NotificationWiringActivator.start().59 Notification wiring plugin ...[REGISTERED]
09-15 21:30:58.846 18410 18429 D SQLiteCursor: received count(*) from native_fill_window: 114
09-15 21:30:58.851 18410 18429 D SQLiteCursor: received count(*) from native_fill_window: 114
09-15 21:30:58.856 18410 18429 D SQLiteCursor: received count(*) from native_fill_window: 114
09-15 21:30:58.860 18410 18429 D SQLiteCursor: received count(*) from native_fill_window: 114
09-15 21:30:58.958 18410 18429 D SQLiteCursor: received count(*) from native_fill_window: 0
09-15 21:30:58.960 18410 18429 D SQLiteCursor: received count(*) from native_fill_window: 0
09-15 21:30:58.964 18410 18429 D Jitsi   : [2103] org.jitsi.impl.configuration.ConfigurationServiceImpl.debug() Created an empty file in $HOME: /data/user/0/org.jitsi/files/sip-communicator.xml
09-15 21:30:58.966 18410 18429 D SQLiteCursor: received count(*) from native_fill_window: 0
09-15 21:30:58.969 18410 18429 D SQLiteCursor: received count(*) from native_fill_window: 0
09-15 21:30:58.971 18410 18429 D SQLiteCursor: received count(*) from native_fill_window: 114
09-15 21:30:58.976 18410 18429 D SQLiteCursor: received count(*) from native_fill_window: 114
09-15 21:30:58.980 18410 18429 D SQLiteCursor: received count(*) from native_fill_window: 114
09-15 21:30:58.984 18410 18429 D SQLiteCursor: received count(*) from native_fill_window: 114
09-15 21:30:58.989 18410 18429 D SQLiteCursor: received count(*) from native_fill_window: 0
09-15 21:30:58.991 18410 18429 D SQLiteCursor: received count(*) from native_fill_window: 0
09-15 21:30:58.993 18410 18429 D SQLiteCursor: received count(*) from native_fill_window: 0
09-15 21:30:58.996 18410 18429 D SQLiteCursor: received count(*) from native_fill_window: 0
09-15 21:30:58.998 18410 18429 D SQLiteCursor: received count(*) from native_fill_window: 0
09-15 21:30:59.000 18410 18429 D SQLiteCursor: received count(*) from native_fill_window: 0
09-15 21:30:59.002 18410 18429 D SQLiteCursor: received count(*) from native_fill_window: 0
09-15 21:30:59.005 18410 18429 D SQLiteCursor: received count(*) from native_fill_window: 0
09-15 21:30:59.110 18410 18429 D SQLiteCursor: received count(*) from native_fill_window: 0
09-15 21:30:59.112 18410 18429 D SQLiteCursor: received count(*) from native_fill_window: 0
09-15 21:30:59.116 18410 18429 D Jitsi   : [2103] org.jitsi.impl.configuration.ConfigurationServiceImpl.debug() Created an empty file in $HOME: /data/user/0/org.jitsi/files/sip-communicator.xml
09-15 21:30:59.118 18410 18429 D SQLiteCursor: received count(*) from native_fill_window: 0
09-15 21:30:59.121 18410 18429 D SQLiteCursor: received count(*) from native_fill_window: 0
09-15 21:30:59.123 18410 18429 D SQLiteCursor: received count(*) from native_fill_window: 122
09-15 21:30:59.127 18410 18429 D SQLiteCursor: received count(*) from native_fill_window: 122
09-15 21:30:59.131 18410 18429 D SQLiteCursor: received count(*) from native_fill_window: 0
09-15 21:30:59.134 18410 18429 D SQLiteCursor: received count(*) from native_fill_window: 0
09-15 21:30:59.181 18410 18429 D SQLiteCursor: received count(*) from native_fill_window: 0
09-15 21:30:59.184 18410 18429 D SQLiteCursor: received count(*) from native_fill_window: 0
09-15 21:30:59.188 18410 18429 D Jitsi   : [2103] org.jitsi.impl.configuration.ConfigurationServiceImpl.debug() Created an empty file in $HOME: /data/user/0/org.jitsi/files/sip-communicator.xml
09-15 21:30:59.191 18410 18429 D SQLiteCursor: received count(*) from native_fill_window: 0
09-15 21:30:59.193 18410 18429 D SQLiteCursor: received count(*) from native_fill_window: 0
09-15 21:30:59.195 18410 18429 D SQLiteCursor: received count(*) from native_fill_window: 122
09-15 21:30:59.200 18410 18429 D SQLiteCursor: received count(*) from native_fill_window: 122
09-15 21:30:59.204 18410 18429 D SQLiteCursor: received count(*) from native_fill_window: 0
09-15 21:30:59.206 18410 18429 D Jitsi   : [2103] org.jitsi.impl.configuration.ConfigurationServiceImpl.trace() net.java.sip.communicator.impl.notifications.eventType1600171259202( oldValue=null, newValue=missed_call.
09-15 21:30:59.221 18410 18429 D SQLiteCursor: received count(*) from native_fill_window: 0
09-15 21:30:59.223 18410 18429 D SQLiteCursor: received count(*) from native_fill_window: 0
09-15 21:30:59.227 18410 18429 D Jitsi   : [2103] org.jitsi.impl.configuration.ConfigurationServiceImpl.debug() Created an empty file in $HOME: /data/user/0/org.jitsi/files/sip-communicator.xml
09-15 21:30:59.229 18410 18429 D SQLiteCursor: received count(*) from native_fill_window: 0
09-15 21:30:59.232 18410 18429 D SQLiteCursor: received count(*) from native_fill_window: 0
09-15 21:30:59.234 18410 18429 D SQLiteCursor: received count(*) from native_fill_window: 123
09-15 21:30:59.239 18410 18429 D SQLiteCursor: received count(*) from native_fill_window: 0
09-15 21:30:59.241 18410 18429 D SQLiteCursor: received count(*) from native_fill_window: 0
09-15 21:30:59.243 18410 18429 D SQLiteCursor: received count(*) from native_fill_window: 0
09-15 21:30:59.245 18410 18429 D SQLiteCursor: received count(*) from native_fill_window: 0
09-15 21:30:59.248 18410 18429 D SQLiteCursor: received count(*) from native_fill_window: 0
09-15 21:30:59.250 18410 18429 D SQLiteCursor: received count(*) from native_fill_window: 0
09-15 21:30:59.314 18410 18429 D SQLiteCursor: received count(*) from native_fill_window: 0
09-15 21:30:59.316 18410 18429 D SQLiteCursor: received count(*) from native_fill_window: 0
09-15 21:30:59.321 18410 18429 D Jitsi   : [2103] org.jitsi.impl.configuration.ConfigurationServiceImpl.debug() Created an empty file in $HOME: /data/user/0/org.jitsi/files/sip-communicator.xml
09-15 21:30:59.324 18410 18429 D SQLiteCursor: received count(*) from native_fill_window: 0
09-15 21:30:59.326 18410 18429 D SQLiteCursor: received count(*) from native_fill_window: 0
09-15 21:30:59.328 18410 18429 D SQLiteCursor: received count(*) from native_fill_window: 128
09-15 21:30:59.333 18410 18429 D SQLiteCursor: received count(*) from native_fill_window: 128
09-15 21:30:59.339 18410 18429 D SQLiteCursor: received count(*) from native_fill_window: 128
09-15 21:30:59.343 18410 18429 D SQLiteCursor: received count(*) from native_fill_window: 128
09-15 21:30:59.348 18410 18429 D SQLiteCursor: received count(*) from native_fill_window: 0
09-15 21:30:59.350 18410 18429 D SQLiteCursor: received count(*) from native_fill_window: 0
09-15 21:30:59.407 18410 18429 D SQLiteCursor: received count(*) from native_fill_window: 0
09-15 21:30:59.409 18410 18429 D SQLiteCursor: received count(*) from native_fill_window: 0
09-15 21:30:59.413 18410 18429 D Jitsi   : [2103] org.jitsi.impl.configuration.ConfigurationServiceImpl.debug() Created an empty file in $HOME: /data/user/0/org.jitsi/files/sip-communicator.xml
09-15 21:30:59.415 18410 18429 D SQLiteCursor: received count(*) from native_fill_window: 0
09-15 21:30:59.418 18410 18429 D SQLiteCursor: received count(*) from native_fill_window: 0
09-15 21:30:59.420 18410 18429 D SQLiteCursor: received count(*) from native_fill_window: 129
09-15 21:30:59.425 18410 18429 D SQLiteCursor: received count(*) from native_fill_window: 129
09-15 21:30:59.429 18410 18429 D SQLiteCursor: received count(*) from native_fill_window: 129
09-15 21:30:59.434 18410 18429 D SQLiteCursor: received count(*) from native_fill_window: 129
09-15 21:30:59.438 18410 18429 D SQLiteCursor: received count(*) from native_fill_window: 0
09-15 21:30:59.440 18410 18429 D SQLiteCursor: received count(*) from native_fill_window: 0
09-15 21:30:59.485 18410 18429 D SQLiteCursor: received count(*) from native_fill_window: 0
09-15 21:30:59.488 18410 18429 D SQLiteCursor: received count(*) from native_fill_window: 0
09-15 21:30:59.492 18410 18429 D Jitsi   : [2103] org.jitsi.impl.configuration.ConfigurationServiceImpl.debug() Created an empty file in $HOME: /data/user/0/org.jitsi/files/sip-communicator.xml
09-15 21:30:59.494 18410 18429 D SQLiteCursor: received count(*) from native_fill_window: 0
09-15 21:30:59.496 18410 18429 D SQLiteCursor: received count(*) from native_fill_window: 0
09-15 21:30:59.498 18410 18429 D Jitsi   : [2103] service.notification.NotificationServiceImpl.fireNotificationEventTypeEvent().424 Dispatching NotificationEventType Change. Listeners=0 evt=EventTypeRemoved
09-15 21:30:59.500 18410 18429 D Jitsi   : [2103] service.notification.NotificationServiceImpl.fireNotificationEventTypeEvent().424 Dispatching NotificationEventType Change. Listeners=0 evt=EventTypeRemoved
09-15 21:30:59.504 18410 18429 D SQLiteCursor: received count(*) from native_fill_window: 0
09-15 21:30:59.505 18410 18429 D Jitsi   : [2103] org.jitsi.impl.configuration.ConfigurationServiceImpl.trace() net.java.sip.communicator.plugin.loggingconfig.DISABLED( oldValue=null, newValue=true.
09-15 21:30:59.520 18410 18429 D SQLiteCursor: received count(*) from native_fill_window: 0
09-15 21:30:59.522 18410 18429 D SQLiteCursor: received count(*) from native_fill_window: 0
09-15 21:30:59.526 18410 18429 D Jitsi   : [2103] org.jitsi.impl.configuration.ConfigurationServiceImpl.debug() Created an empty file in $HOME: /data/user/0/org.jitsi/files/sip-communicator.xml
09-15 21:30:59.529 18410 18429 D SQLiteCursor: received count(*) from native_fill_window: 0
09-15 21:30:59.531 18410 18429 D SQLiteCursor: received count(*) from native_fill_window: 0
09-15 21:30:59.537 18410 18442 D Jitsi   : [2105] service.protocol.SingleCallInProgressPolicy.serviceChanged().1099 Service changed.
09-15 21:30:59.538 18410 18442 D Jitsi   : [2105] impl.filehistory.FileHistoryServiceImpl.serviceChanged().628 Received a service event for: net.java.sip.communicator.plugin.loggingutils.LogUploadServiceImpl
09-15 21:30:59.540 18410 18442 D Jitsi   : [2105] impl.contactlist.MetaContactListServiceImpl.serviceChanged().2330 Received a service event for: net.java.sip.communicator.plugin.loggingutils.LogUploadServiceImpl
09-15 21:30:59.544 18410 18429 D Jitsi   : [2103] impl.msghistory.MessageHistoryServiceImpl.setHistoryService().1135 New history service registered.
09-15 21:30:59.546 18410 18429 D SQLiteCursor: received count(*) from native_fill_window: 0
09-15 21:30:59.549 18410 18429 D SQLiteCursor: received count(*) from native_fill_window: 0
09-15 21:30:59.550 18410 18429 D Jitsi   : [2103] impl.msghistory.MessageHistoryServiceImpl.start().833 Starting the msg history implementation.
09-15 21:30:59.551 18410 18429 D Jitsi   : [2103] impl.msghistory.MessageHistoryServiceImpl.loadMessageHistoryService().2299 Found 0 already installed providers.
09-15 21:30:59.553 18410 18429 I Jitsi   : [2103] impl.msghistory.MessageHistoryActivator.start().79 Message History Service ...[REGISTERED]
09-15 21:30:59.554 18410 18442 D Jitsi   : [2105] service.protocol.SingleCallInProgressPolicy.serviceChanged().1099 Service changed.
09-15 21:30:59.555 18410 18442 D Jitsi   : [2105] impl.filehistory.FileHistoryServiceImpl.serviceChanged().628 Received a service event for: net.java.sip.communicator.impl.msghistory.MessageHistoryServiceImpl
09-15 21:30:59.556 18410 18442 D Jitsi   : [2105] impl.contactlist.MetaContactListServiceImpl.serviceChanged().2330 Received a service event for: net.java.sip.communicator.impl.msghistory.MessageHistoryServiceImpl
09-15 21:30:59.557 18410 18442 D Jitsi   : [2105] impl.msghistory.MessageHistoryServiceImpl.serviceChanged().1169 Received a service event for: net.java.sip.communicator.impl.msghistory.MessageHistoryServiceImpl
09-15 21:30:59.559 18410 18429 D Jitsi   : [2103] impl.callhistory.CallHistoryServiceImpl.setHistoryService().743 New history service registered.
09-15 21:30:59.560 18410 18429 D Jitsi   : [2103] impl.callhistory.CallHistoryServiceImpl.start().582 Starting the call history implementation.
09-15 21:30:59.561 18410 18429 D Jitsi   : [2103] impl.callhistory.CallHistoryServiceImpl.start().610 Found 0 already installed providers.
09-15 21:30:59.563 18410 18429 I Jitsi   : [2103] impl.callhistory.CallHistoryActivator.start().93 Call History Service ...[REGISTERED]
09-15 21:30:59.567 18410 18442 D Jitsi   : [2105] service.protocol.SingleCallInProgressPolicy.serviceChanged().1099 Service changed.
09-15 21:30:59.569 18410 18442 D Jitsi   : [2105] impl.filehistory.FileHistoryServiceImpl.serviceChanged().628 Received a service event for: net.java.sip.communicator.impl.callhistory.CallHistoryServiceImpl
09-15 21:30:59.570 18410 18429 D Jitsi   : [2103] impl.metahistory.MetaHistoryServiceImpl.start().866 Starting the call history implementation.
09-15 21:30:59.571 18410 18442 D Jitsi   : [2105] impl.contactlist.MetaContactListServiceImpl.serviceChanged().2330 Received a service event for: net.java.sip.communicator.impl.callhistory.CallHistoryServiceImpl
09-15 21:30:59.571 18410 18429 I Jitsi   : [2103] impl.metahistory.MetaHistoryActivator.start().56 Meta History Service ...[REGISTERED]
09-15 21:30:59.572 18410 18442 D Jitsi   : [2105] impl.msghistory.MessageHistoryServiceImpl.serviceChanged().1169 Received a service event for: net.java.sip.communicator.impl.callhistory.CallHistoryServiceImpl
09-15 21:30:59.573 18410 18442 D Jitsi   : [2105] impl.callhistory.CallHistoryServiceImpl.serviceChanged().778 Received a service event for: net.java.sip.communicator.impl.callhistory.CallHistoryServiceImpl
09-15 21:30:59.574 18410 18442 D Jitsi   : [2105] service.protocol.SingleCallInProgressPolicy.serviceChanged().1099 Service changed.
09-15 21:30:59.576 18410 18442 D Jitsi   : [2105] impl.filehistory.FileHistoryServiceImpl.serviceChanged().628 Received a service event for: net.java.sip.communicator.impl.callhistory.CallHistoryContactSource
09-15 21:30:59.577 18410 18442 D Jitsi   : [2105] impl.contactlist.MetaContactListServiceImpl.serviceChanged().2330 Received a service event for: net.java.sip.communicator.impl.callhistory.CallHistoryContactSource
09-15 21:30:59.578 18410 18442 D Jitsi   : [2105] impl.msghistory.MessageHistoryServiceImpl.serviceChanged().1169 Received a service event for: net.java.sip.communicator.impl.callhistory.CallHistoryContactSource
09-15 21:30:59.580 18410 18442 D Jitsi   : [2105] impl.callhistory.CallHistoryServiceImpl.serviceChanged().778 Received a service event for: net.java.sip.communicator.impl.callhistory.CallHistoryContactSource
09-15 21:30:59.581 18410 18429 I Jitsi   : [2103] impl.replacement.smiley.SmileyActivator.start().76 Smiley source implementation [STARTED].
09-15 21:30:59.584 18410 18442 D Jitsi   : [2105] service.protocol.SingleCallInProgressPolicy.serviceChanged().1099 Service changed.
09-15 21:30:59.584 18410 18429 D SQLiteCursor: received count(*) from native_fill_window: 0
09-15 21:30:59.585 18410 18442 D Jitsi   : [2105] impl.filehistory.FileHistoryServiceImpl.serviceChanged().628 Received a service event for: net.java.sip.communicator.impl.metahistory.MetaHistoryServiceImpl
09-15 21:30:59.587 18410 18442 D Jitsi   : [2105] impl.contactlist.MetaContactListServiceImpl.serviceChanged().2330 Received a service event for: net.java.sip.communicator.impl.metahistory.MetaHistoryServiceImpl
09-15 21:30:59.588 18410 18442 D Jitsi   : [2105] impl.msghistory.MessageHistoryServiceImpl.serviceChanged().1169 Received a service event for: net.java.sip.communicator.impl.metahistory.MetaHistoryServiceImpl
09-15 21:30:59.589 18410 18422 W art     : requesting thread suspend: Thread[1,tid=18410,Native,Thread*=0x7759896a00,peer=0x764e99d0,"main"]
09-15 21:30:59.589 18410 18422 W art     : requesting thread suspend: Thread[2,tid=18415,Native,Thread*=0x7752e0e000,peer=0x0,"Jit thread pool worker thread 0"]
09-15 21:30:59.589 18410 18422 W art     : requesting thread suspend: Thread[3,tid=18416,WaitingInMainSignalCatcherLoop,Thread*=0x775030e000,peer=0x12c23f70,"Signal Catcher"]
09-15 21:30:59.589 18410 18422 W art     : requesting thread suspend: Thread[4,tid=18418,WaitingInMainDebuggerLoop,Thread*=0x7752e17400,peer=0x12c2c0d0,"JDWP"]
09-15 21:30:59.590 18410 18422 W art     : requesting thread suspend: Thread[5,tid=18419,Waiting,Thread*=0x7750311c00,peer=0x12c2c160,"ReferenceQueueDaemon"]
09-15 21:30:59.590 18410 18422 W art     : requesting thread suspend: Thread[6,tid=18420,Waiting,Thread*=0x7750312600,peer=0x12c2c1f0,"FinalizerDaemon"]
09-15 21:30:59.590 18410 18429 I Jitsi   : [2103] org.jitsi.impl.androidbrowserlauncher.BrowserLauncherActivator.start().81 Android Browser Launcher STARTED
09-15 21:30:59.590 18410 18442 D Jitsi   : [2105] impl.callhistory.CallHistoryServiceImpl.serviceChanged().778 Received a service event for: net.java.sip.communicator.impl.metahistory.MetaHistoryServiceImpl
09-15 21:30:59.590 18410 18422 W art     : requesting thread suspend: Thread[7,tid=18421,Sleeping,Thread*=0x7759897400,peer=0x12c2c280,"FinalizerWatchdogDaemon"]
09-15 21:30:59.591 18410 18422 W art     : requesting thread suspend: Thread[9,tid=18423,Native,Thread*=0x774c80c000,peer=0x12c2c4c0,"Binder:18410_1"]
09-15 21:30:59.591 18410 18422 W art     : requesting thread suspend: Thread[10,tid=18424,Native,Thread*=0x7752e27800,peer=0x12c2c550,"Binder:18410_2"]
09-15 21:30:59.591 18410 18422 W art     : requesting thread suspend: Thread[11,tid=18425,Native,Thread*=0x774c812400,peer=0x12c2c790,"Profile Saver"]
09-15 21:30:59.591 18410 18422 W art     : requesting thread suspend: Thread[12,tid=18426,Native,Thread*=0x7752e2dc00,peer=0x12cde9d0,"RenderThread"]
09-15 21:30:59.591 18410 18422 W art     : requesting thread suspend: Thread[13,tid=18428,Waiting,Thread*=0x774c83f600,peer=0x12cde550,"org.jitsi.impl.osgi.framework.AsyncExecutor"]
09-15 21:30:59.591 18410 18422 W art     : requesting thread suspend: Thread[14,tid=18429,Native,Thread*=0x774c87fc00,peer=0x12c23790,"org.jitsi.impl.osgi.framework.AsyncExecutor"]
09-15 21:30:59.591 18410 18429 I Jitsi   : [2103] org.jitsi.impl.androidbrowserlauncher.BrowserLauncherActivator.start().90 Android Browser Launcher REGISTERED
09-15 21:30:59.591 18410 18422 W art     : requesting thread suspend: Thread[15,tid=18442,Runnable,Thread*=0x773d259400,peer=0x12d930d0,"org.jitsi.impl.osgi.framework.AsyncExecutor"]
09-15 21:30:59.592 18410 18422 W art     : requesting thread suspend: Thread[16,tid=18443,Waiting,Thread*=0x773d7fa600,peer=0x12d78e50,"Thread-2"]
09-15 21:30:59.592 18410 18422 W art     : requesting thread suspend: Thread[17,tid=18474,Native,Thread*=0x774c925400,peer=0x12dbac10,"Binder:18410_3"]
09-15 21:30:59.592 18410 18422 W art     : requesting thread suspend: Thread[18,tid=18475,TimedWaiting,Thread*=0x773d7fb000,peer=0x12dbaca0,"process reaper"]
09-15 21:30:59.592 18410 18422 W art     : requesting thread suspend: Thread[21,tid=18481,Waiting,Thread*=0x773d254400,peer=0x12d82430,"Reconnect timer"]
09-15 21:30:59.592 18410 18422 W art     : requesting thread suspend: Thread[20,tid=18482,Waiting,Thread*=0x773d254e00,peer=0x12d89940,"Thread-7"]
09-15 21:30:59.592 18410 18422 W art     : requesting thread suspend: Thread[19,tid=18483,Waiting,Thread*=0x773d253000,peer=0x12f63940,"Thread-8"]
09-15 21:30:59.592 18410 18422 W art     : requesting thread suspend: Thread[22,tid=18484,TimedWaiting,Thread*=0x773d255800,peer=0x12d78700,"Thread-9"]
09-15 21:30:59.597 18410 18442 D Jitsi   : [2105] service.protocol.SingleCallInProgressPolicy.serviceChanged().1099 Service changed.
09-15 21:30:59.599 18410 18442 D Jitsi   : [2105] impl.filehistory.FileHistoryServiceImpl.serviceChanged().628 Received a service event for: net.java.sip.communicator.impl.replacement.smiley.ReplacementServiceSmileyImpl
09-15 21:30:59.600 18410 18442 D Jitsi   : [2105] impl.contactlist.MetaContactListServiceImpl.serviceChanged().2330 Received a service event for: net.java.sip.communicator.impl.replacement.smiley.ReplacementServiceSmileyImpl
09-15 21:30:59.603 18410 18442 D Jitsi   : [2105] impl.msghistory.MessageHistoryServiceImpl.serviceChanged().1169 Received a service event for: net.java.sip.communicator.impl.replacement.smiley.ReplacementServiceSmileyImpl
09-15 21:30:59.603 18410 18429 I Jitsi   : [2103] org.jitsi.impl.androidcontacts.AndroidContactsActivator.start().81 Android contacts STARTED
09-15 21:30:59.604 18410 18442 D Jitsi   : [2105] impl.callhistory.CallHistoryServiceImpl.serviceChanged().778 Received a service event for: net.java.sip.communicator.impl.replacement.smiley.ReplacementServiceSmileyImpl
09-15 21:30:59.605 18410 18429 I Jitsi   : [2103] org.jitsi.impl.androidcontacts.AndroidContactsActivator.start().90 Android contacts REGISTERED
09-15 21:30:59.606 18410 18442 D Jitsi   : [2105] service.protocol.SingleCallInProgressPolicy.serviceChanged().1099 Service changed.
09-15 21:30:59.607 18410 18429 I Jitsi   : [2103] org.jitsi.impl.androidcertdialog.CertificateDialogActivator.start().81 Android verify certificate service STARTED
09-15 21:30:59.608 18410 18422 I art     : Background sticky concurrent mark sweep GC freed 36607(3MB) AllocSpace objects, 0(0B) LOS objects, 30% free, 7MB/10MB, paused 6.286ms total 37.255ms
09-15 21:30:59.608 18410 18442 D Jitsi   : [2105] impl.filehistory.FileHistoryServiceImpl.serviceChanged().628 Received a service event for: net.java.sip.communicator.impl.replacement.smiley.ReplacementServiceSmileyImpl
09-15 21:30:59.609 18410 18429 I Jitsi   : [2103] org.jitsi.impl.androidcertdialog.CertificateDialogActivator.start().90 Android verify certificate service REGISTERED
09-15 21:30:59.610 18410 18442 D Jitsi   : [2105] impl.contactlist.MetaContactListServiceImpl.serviceChanged().2330 Received a service event for: net.java.sip.communicator.impl.replacement.smiley.ReplacementServiceSmileyImpl
09-15 21:30:59.611 18410 18429 I Jitsi   : [2103] org.jitsi.impl.androidimageloader.ImageLoaderActivator.start().81 Android image loader service STARTED
09-15 21:30:59.613 18410 18442 D Jitsi   : [2105] impl.msghistory.MessageHistoryServiceImpl.serviceChanged().1169 Received a service event for: net.java.sip.communicator.impl.replacement.smiley.ReplacementServiceSmileyImpl
09-15 21:30:59.613 18410 18429 I Jitsi   : [2103] org.jitsi.impl.androidimageloader.ImageLoaderActivator.start().90 Android image loader service REGISTERED
09-15 21:30:59.616 18410 18442 D Jitsi   : [2105] impl.callhistory.CallHistoryServiceImpl.serviceChanged().778 Received a service event for: net.java.sip.communicator.impl.replacement.smiley.ReplacementServiceSmileyImpl
09-15 21:30:59.617 18410 18429 I Jitsi   : [2103] org.jitsi.impl.androidnotification.NotificationActivator.start().63 Android notification handler Service...[  STARTED ]
09-15 21:30:59.619 18410 18442 D Jitsi   : [2105] service.protocol.SingleCallInProgressPolicy.serviceChanged().1099 Service changed.
09-15 21:30:59.620 18410 18442 D Jitsi   : [2105] impl.filehistory.FileHistoryServiceImpl.serviceChanged().628 Received a service event for: net.java.sip.communicator.impl.globaldisplaydetails.GlobalDisplayDetailsImpl
09-15 21:30:59.620 18410 18429 I Jitsi   : [2103] org.jitsi.impl.androidnotification.NotificationActivator.start().76 Android notification handler Service...[REGISTERED]
09-15 21:30:59.621 18410 18442 D Jitsi   : [2105] impl.contactlist.MetaContactListServiceImpl.serviceChanged().2330 Received a service event for: net.java.sip.communicator.impl.globaldisplaydetails.GlobalDisplayDetailsImpl
09-15 21:30:59.622 18410 18442 D Jitsi   : [2105] impl.msghistory.MessageHistoryServiceImpl.serviceChanged().1169 Received a service event for: net.java.sip.communicator.impl.globaldisplaydetails.GlobalDisplayDetailsImpl
09-15 21:30:59.623 18410 18442 D Jitsi   : [2105] impl.callhistory.CallHistoryServiceImpl.serviceChanged().778 Received a service event for: net.java.sip.communicator.impl.globaldisplaydetails.GlobalDisplayDetailsImpl
09-15 21:30:59.625 18410 18442 D Jitsi   : [2105] service.protocol.SingleCallInProgressPolicy.serviceChanged().1099 Service changed.
09-15 21:30:59.626 18410 18442 D Jitsi   : [2105] impl.filehistory.FileHistoryServiceImpl.serviceChanged().628 Received a service event for: net.java.sip.communicator.impl.globaldisplaydetails.GlobalStatusServiceImpl
09-15 21:30:59.627 18410 18442 D Jitsi   : [2105] impl.contactlist.MetaContactListServiceImpl.serviceChanged().2330 Received a service event for: net.java.sip.communicator.impl.globaldisplaydetails.GlobalStatusServiceImpl
09-15 21:30:59.628 18410 18429 E Jitsi   : [2103] org.jitsi.impl.osgi.framework.BundleImpl.start().316 Error starting bundle: org.jitsi.impl.androidtray.AndroidTrayActivator@43eedd3
09-15 21:30:59.628 18410 18429 E Jitsi   : java.lang.NoSuchMethodError: No static method getServiceReferences(Lorg/osgi/framework/BundleContext;Ljava/lang/Class;)[Lorg/osgi/framework/ServiceReference; in class Lnet/java/sip/communicator/util/ServiceUtils; or its super classes (declaration of 'net.java.sip.communicator.util.ServiceUtils' appears in /data/app/org.jitsi-2/base.apk)
09-15 21:30:59.628 18410 18429 E Jitsi   : 	at net.java.sip.communicator.service.systray.AbstractSystrayService.initHandlers(AbstractSystrayService.java:240)
09-15 21:30:59.628 18410 18429 E Jitsi   : 	at org.jitsi.impl.androidtray.SystrayServiceImpl.<init>(SystrayServiceImpl.java:74)
09-15 21:30:59.628 18410 18429 E Jitsi   : 	at org.jitsi.impl.androidtray.AndroidTrayActivator.start(AndroidTrayActivator.java:57)
09-15 21:30:59.628 18410 18429 E Jitsi   : 	at org.jitsi.impl.osgi.framework.BundleImpl.start(BundleImpl.java:312)
09-15 21:30:59.628 18410 18429 E Jitsi   : 	at org.jitsi.impl.osgi.framework.launch.FrameworkImpl.startLevelChanged(FrameworkImpl.java:465)
09-15 21:30:59.628 18410 18429 E Jitsi   : 	at org.jitsi.impl.osgi.framework.startlevel.FrameworkStartLevelImpl$Command.run(FrameworkStartLevelImpl.java:138)
09-15 21:30:59.628 18410 18429 E Jitsi   : 	at org.jitsi.impl.osgi.framework.AsyncExecutor.runInThread(AsyncExecutor.java:123)
09-15 21:30:59.628 18410 18429 E Jitsi   : 	at org.jitsi.impl.osgi.framework.AsyncExecutor.access$000(AsyncExecutor.java:29)
09-15 21:30:59.628 18410 18429 E Jitsi   : 	at org.jitsi.impl.osgi.framework.AsyncExecutor$1.run(AsyncExecutor.java:232)
09-15 21:30:59.628 18410 18442 D Jitsi   : [2105] impl.msghistory.MessageHistoryServiceImpl.serviceChanged().1169 Received a service event for: net.java.sip.communicator.impl.globaldisplaydetails.GlobalStatusServiceImpl
09-15 21:30:59.630 18410 18429 E Jitsi   : [2103] org.jitsi.impl.osgi.framework.launch.FrameworkImpl.startLevelChanged().473 Error changing start level
09-15 21:30:59.630 18410 18429 E Jitsi   : org.osgi.framework.BundleException: BundleActivator.start
09-15 21:30:59.630 18410 18429 E Jitsi   : 	at org.jitsi.impl.osgi.framework.BundleImpl.start(BundleImpl.java:331)
09-15 21:30:59.630 18410 18429 E Jitsi   : 	at org.jitsi.impl.osgi.framework.launch.FrameworkImpl.startLevelChanged(FrameworkImpl.java:465)
09-15 21:30:59.630 18410 18429 E Jitsi   : 	at org.jitsi.impl.osgi.framework.startlevel.FrameworkStartLevelImpl$Command.run(FrameworkStartLevelImpl.java:138)
09-15 21:30:59.630 18410 18429 E Jitsi   : 	at org.jitsi.impl.osgi.framework.AsyncExecutor.runInThread(AsyncExecutor.java:123)
09-15 21:30:59.630 18410 18429 E Jitsi   : 	at org.jitsi.impl.osgi.framework.AsyncExecutor.access$000(AsyncExecutor.java:29)
09-15 21:30:59.630 18410 18429 E Jitsi   : 	at org.jitsi.impl.osgi.framework.AsyncExecutor$1.run(AsyncExecutor.java:232)
09-15 21:30:59.630 18410 18429 E Jitsi   : Caused by: java.lang.NoSuchMethodError: No static method getServiceReferences(Lorg/osgi/framework/BundleContext;Ljava/lang/Class;)[Lorg/osgi/framework/ServiceReference; in class Lnet/java/sip/communicator/util/ServiceUtils; or its super classes (declaration of 'net.java.sip.communicator.util.ServiceUtils' appears in /data/app/org.jitsi-2/base.apk)
09-15 21:30:59.630 18410 18429 E Jitsi   : 	at net.java.sip.communicator.service.systray.AbstractSystrayService.initHandlers(AbstractSystrayService.java:240)
09-15 21:30:59.630 18410 18429 E Jitsi   : 	at org.jitsi.impl.androidtray.SystrayServiceImpl.<init>(SystrayServiceImpl.java:74)
09-15 21:30:59.630 18410 18429 E Jitsi   : 	at org.jitsi.impl.androidtray.AndroidTrayActivator.start(AndroidTrayActivator.java:57)
09-15 21:30:59.630 18410 18429 E Jitsi   : 	at org.jitsi.impl.osgi.framework.BundleImpl.start(BundleImpl.java:312)
09-15 21:30:59.630 18410 18429 E Jitsi   : 	... 5 more
09-15 21:30:59.632 18410 18442 D Jitsi   : [2105] impl.callhistory.CallHistoryServiceImpl.serviceChanged().778 Received a service event for: net.java.sip.communicator.impl.globaldisplaydetails.GlobalStatusServiceImpl
09-15 21:30:59.633 18410 18429 I Jitsi   : [2103] org.jitsi.impl.androidupdate.UpdateActivator.start().81 Android update service STARTED
09-15 21:30:59.634 18410 18429 I Jitsi   : [2103] org.jitsi.impl.androidupdate.UpdateActivator.start().90 Android update service REGISTERED
09-15 21:30:59.635 18410 18442 D Jitsi   : [2105] service.protocol.SingleCallInProgressPolicy.serviceChanged().1099 Service changed.
09-15 21:30:59.637 18410 18442 D Jitsi   : [2105] impl.filehistory.FileHistoryServiceImpl.serviceChanged().628 Received a service event for: org.jitsi.impl.androidbrowserlauncher.AndroidBrowserLauncher
09-15 21:30:59.638 18410 18442 D Jitsi   : [2105] impl.contactlist.MetaContactListServiceImpl.serviceChanged().2330 Received a service event for: org.jitsi.impl.androidbrowserlauncher.AndroidBrowserLauncher
09-15 21:30:59.639 18410 18442 D Jitsi   : [2105] impl.msghistory.MessageHistoryServiceImpl.serviceChanged().1169 Received a service event for: org.jitsi.impl.androidbrowserlauncher.AndroidBrowserLauncher
09-15 21:30:59.640 18410 18442 D Jitsi   : [2105] impl.callhistory.CallHistoryServiceImpl.serviceChanged().778 Received a service event for: org.jitsi.impl.androidbrowserlauncher.AndroidBrowserLauncher
09-15 21:30:59.642 18410 18442 D Jitsi   : [2105] service.protocol.SingleCallInProgressPolicy.serviceChanged().1099 Service changed.
09-15 21:30:59.643 18410 18442 D Jitsi   : [2105] impl.filehistory.FileHistoryServiceImpl.serviceChanged().628 Received a service event for: org.jitsi.impl.androidcontacts.AndroidContactSource
09-15 21:30:59.644 18410 18442 D Jitsi   : [2105] impl.contactlist.MetaContactListServiceImpl.serviceChanged().2330 Received a service event for: org.jitsi.impl.androidcontacts.AndroidContactSource
09-15 21:30:59.645 18410 18442 D Jitsi   : [2105] impl.msghistory.MessageHistoryServiceImpl.serviceChanged().1169 Received a service event for: org.jitsi.impl.androidcontacts.AndroidContactSource
09-15 21:30:59.646 18410 18442 D Jitsi   : [2105] impl.callhistory.CallHistoryServiceImpl.serviceChanged().778 Received a service event for: org.jitsi.impl.androidcontacts.AndroidContactSource
09-15 21:30:59.647 18410 18429 D SQLiteCursor: received count(*) from native_fill_window: 0
09-15 21:30:59.648 18410 18442 D Jitsi   : [2105] service.protocol.SingleCallInProgressPolicy.serviceChanged().1099 Service changed.
09-15 21:30:59.649 18410 18442 D Jitsi   : [2105] impl.filehistory.FileHistoryServiceImpl.serviceChanged().628 Received a service event for: org.jitsi.impl.androidcertdialog.CertificateDialogServiceImpl
09-15 21:30:59.649 18410 18429 D SQLiteCursor: received count(*) from native_fill_window: 0
09-15 21:30:59.652 18410 18442 D Jitsi   : [2105] impl.contactlist.MetaContactListServiceImpl.serviceChanged().2330 Received a service event for: org.jitsi.impl.androidcertdialog.CertificateDialogServiceImpl
09-15 21:30:59.652 18410 18429 D SQLiteCursor: received count(*) from native_fill_window: 0
09-15 21:30:59.653 18410 18442 D Jitsi   : [2105] impl.msghistory.MessageHistoryServiceImpl.serviceChanged().1169 Received a service event for: org.jitsi.impl.androidcertdialog.CertificateDialogServiceImpl
09-15 21:30:59.654 18410 18429 D SQLiteCursor: received count(*) from native_fill_window: 0
09-15 21:30:59.654 18410 18442 D Jitsi   : [2105] impl.callhistory.CallHistoryServiceImpl.serviceChanged().778 Received a service event for: org.jitsi.impl.androidcertdialog.CertificateDialogServiceImpl
09-15 21:30:59.656 18410 18442 D Jitsi   : [2105] service.protocol.SingleCallInProgressPolicy.serviceChanged().1099 Service changed.
09-15 21:30:59.657 18410 18429 D SQLiteCursor: received count(*) from native_fill_window: 0
09-15 21:30:59.657 18410 18442 D Jitsi   : [2105] impl.filehistory.FileHistoryServiceImpl.serviceChanged().628 Received a service event for: org.jitsi.impl.androidimageloader.ImageLoaderImpl
09-15 21:30:59.658 18410 18442 D Jitsi   : [2105] impl.contactlist.MetaContactListServiceImpl.serviceChanged().2330 Received a service event for: org.jitsi.impl.androidimageloader.ImageLoaderImpl
09-15 21:30:59.659 18410 18429 D SQLiteCursor: received count(*) from native_fill_window: 0
09-15 21:30:59.659 18410 18442 D Jitsi   : [2105] impl.msghistory.MessageHistoryServiceImpl.serviceChanged().1169 Received a service event for: org.jitsi.impl.androidimageloader.ImageLoaderImpl
09-15 21:30:59.661 18410 18442 D Jitsi   : [2105] impl.callhistory.CallHistoryServiceImpl.serviceChanged().778 Received a service event for: org.jitsi.impl.androidimageloader.ImageLoaderImpl
09-15 21:30:59.661 18410 18429 D SQLiteCursor: received count(*) from native_fill_window: 0
09-15 21:30:59.662 18410 18442 D Jitsi   : [2105] service.protocol.SingleCallInProgressPolicy.serviceChanged().1099 Service changed.
09-15 21:30:59.663 18410 18442 D Jitsi   : [2105] impl.filehistory.FileHistoryServiceImpl.serviceChanged().628 Received a service event for: org.jitsi.impl.androidtray.NotificationPopupHandler
09-15 21:30:59.664 18410 18429 D SQLiteCursor: received count(*) from native_fill_window: 0
09-15 21:30:59.664 18410 18442 D Jitsi   : [2105] impl.contactlist.MetaContactListServiceImpl.serviceChanged().2330 Received a service event for: org.jitsi.impl.androidtray.NotificationPopupHandler
09-15 21:30:59.666 18410 18442 D Jitsi   : [2105] impl.msghistory.MessageHistoryServiceImpl.serviceChanged().1169 Received a service event for: org.jitsi.impl.androidtray.NotificationPopupHandler
09-15 21:30:59.666 18410 18429 D SQLiteCursor: received count(*) from native_fill_window: 0
09-15 21:30:59.668 18410 18442 D Jitsi   : [2105] impl.callhistory.CallHistoryServiceImpl.serviceChanged().778 Received a service event for: org.jitsi.impl.androidtray.NotificationPopupHandler
09-15 21:30:59.669 18410 18429 D SQLiteCursor: received count(*) from native_fill_window: 0
09-15 21:30:59.669 18410 18442 I Jitsi   : [2105] service.systray.AbstractSystrayService.serviceChanged().314 adding the following popup handler : Status bar notifications
09-15 21:30:59.671 18410 18429 D SQLiteCursor: received count(*) from native_fill_window: 0
09-15 21:30:59.674 18410 18429 D SQLiteCursor: received count(*) from native_fill_window: 0
09-15 21:30:59.676 18410 18442 D SQLiteCursor: received count(*) from native_fill_window: 0
09-15 21:30:59.678 18410 18429 D SQLiteCursor: received count(*) from native_fill_window: 0
09-15 21:30:59.678 18410 18442 I Jitsi   : [2105] service.systray.AbstractSystrayService.setActivePopupMessageHandler().164 setting the following popup handler as active: Status bar notifications
09-15 21:30:59.680 18410 18442 D Jitsi   : [2105] service.protocol.SingleCallInProgressPolicy.serviceChanged().1099 Service changed.
09-15 21:30:59.681 18410 18429 D SQLiteCursor: received count(*) from native_fill_window: 0
09-15 21:30:59.682 18410 18442 D Jitsi   : [2105] impl.filehistory.FileHistoryServiceImpl.serviceChanged().628 Received a service event for: org.jitsi.impl.androidupdate.UpdateServiceImpl
09-15 21:30:59.683 18410 18442 D Jitsi   : [2105] impl.contactlist.MetaContactListServiceImpl.serviceChanged().2330 Received a service event for: org.jitsi.impl.androidupdate.UpdateServiceImpl
09-15 21:30:59.684 18410 18429 D SQLiteCursor: received count(*) from native_fill_window: 0
09-15 21:30:59.685 18410 18442 D Jitsi   : [2105] impl.msghistory.MessageHistoryServiceImpl.serviceChanged().1169 Received a service event for: org.jitsi.impl.androidupdate.UpdateServiceImpl
09-15 21:30:59.686 18410 18442 D Jitsi   : [2105] impl.callhistory.CallHistoryServiceImpl.serviceChanged().778 Received a service event for: org.jitsi.impl.androidupdate.UpdateServiceImpl
09-15 21:30:59.686 18410 18429 D SQLiteCursor: received count(*) from native_fill_window: 0
09-15 21:30:59.687 18410 18442 D Jitsi   : [2105] service.protocol.SingleCallInProgressPolicy.serviceChanged().1099 Service changed.
09-15 21:30:59.688 18410 18442 D Jitsi   : [2105] impl.filehistory.FileHistoryServiceImpl.serviceChanged().628 Received a service event for: org.jitsi.android.plugin.otr.AndroidOtrActionHandler
09-15 21:30:59.688 18410 18429 D SQLiteCursor: received count(*) from native_fill_window: 0
09-15 21:30:59.689 18410 18442 D Jitsi   : [2105] impl.contactlist.MetaContactListServiceImpl.serviceChanged().2330 Received a service event for: org.jitsi.android.plugin.otr.AndroidOtrActionHandler
09-15 21:30:59.691 18410 18442 D Jitsi   : [2105] impl.msghistory.MessageHistoryServiceImpl.serviceChanged().1169 Received a service event for: org.jitsi.android.plugin.otr.AndroidOtrActionHandler
09-15 21:30:59.691 18410 18429 D SQLiteCursor: received count(*) from native_fill_window: 0
09-15 21:30:59.692 18410 18442 D Jitsi   : [2105] impl.callhistory.CallHistoryServiceImpl.serviceChanged().778 Received a service event for: org.jitsi.android.plugin.otr.AndroidOtrActionHandler
09-15 21:30:59.693 18410 18442 D Jitsi   : [2105] service.protocol.SingleCallInProgressPolicy.serviceChanged().1099 Service changed.
09-15 21:30:59.693 18410 18429 D SQLiteCursor: received count(*) from native_fill_window: 0
09-15 21:30:59.694 18410 18442 D Jitsi   : [2105] impl.filehistory.FileHistoryServiceImpl.serviceChanged().628 Received a service event for: org.jitsi.android.gui.util.AlertUIServiceImpl
09-15 21:30:59.695 18410 18442 D Jitsi   : [2105] impl.contactlist.MetaContactListServiceImpl.serviceChanged().2330 Received a service event for: org.jitsi.android.gui.util.AlertUIServiceImpl
09-15 21:30:59.695 18410 18429 D SQLiteCursor: received count(*) from native_fill_window: 0
09-15 21:30:59.696 18410 18442 D Jitsi   : [2105] impl.msghistory.MessageHistoryServiceImpl.serviceChanged().1169 Received a service event for: org.jitsi.android.gui.util.AlertUIServiceImpl
09-15 21:30:59.698 18410 18442 D Jitsi   : [2105] impl.callhistory.CallHistoryServiceImpl.serviceChanged().778 Received a service event for: org.jitsi.android.gui.util.AlertUIServiceImpl
09-15 21:30:59.698 18410 18429 D SQLiteCursor: received count(*) from native_fill_window: 0
09-15 21:30:59.701 18410 18429 D SQLiteCursor: received count(*) from native_fill_window: 0
09-15 21:30:59.703 18410 18429 D SQLiteCursor: received count(*) from native_fill_window: 0
09-15 21:30:59.706 18410 18429 D SQLiteCursor: received count(*) from native_fill_window: 0
09-15 21:30:59.708 18410 18429 D SQLiteCursor: received count(*) from native_fill_window: 0
09-15 21:30:59.711 18410 18429 D SQLiteCursor: received count(*) from native_fill_window: 0
09-15 21:30:59.713 18410 18429 D SQLiteCursor: received count(*) from native_fill_window: 0
09-15 21:30:59.716 18410 18429 D SQLiteCursor: received count(*) from native_fill_window: 0
09-15 21:30:59.718 18410 18429 D SQLiteCursor: received count(*) from native_fill_window: 0
09-15 21:30:59.721 18410 18429 D SQLiteCursor: received count(*) from native_fill_window: 0
09-15 21:30:59.723 18410 18429 D SQLiteCursor: received count(*) from native_fill_window: 0
09-15 21:30:59.725 18410 18429 D SQLiteCursor: received count(*) from native_fill_window: 0
09-15 21:30:59.728 18410 18429 D SQLiteCursor: received count(*) from native_fill_window: 0
09-15 21:30:59.730 18410 18429 D SQLiteCursor: received count(*) from native_fill_window: 0
09-15 21:30:59.733 18410 18429 D SQLiteCursor: received count(*) from native_fill_window: 0
09-15 21:30:59.735 18410 18429 D SQLiteCursor: received count(*) from native_fill_window: 0
09-15 21:30:59.738 18410 18429 D SQLiteCursor: received count(*) from native_fill_window: 0
09-15 21:30:59.740 18410 18429 D SQLiteCursor: received count(*) from native_fill_window: 0
09-15 21:30:59.742 18410 18429 D SQLiteCursor: received count(*) from native_fill_window: 0
09-15 21:30:59.745 18410 18429 D SQLiteCursor: received count(*) from native_fill_window: 0
09-15 21:30:59.747 18410 18429 D SQLiteCursor: received count(*) from native_fill_window: 0
09-15 21:30:59.751 18410 18429 D SQLiteCursor: received count(*) from native_fill_window: 0
09-15 21:30:59.753 18410 18429 D SQLiteCursor: received count(*) from native_fill_window: 0
09-15 21:30:59.755 18410 18429 D SQLiteCursor: received count(*) from native_fill_window: 0
09-15 21:30:59.757 18410 18429 D SQLiteCursor: received count(*) from native_fill_window: 0
09-15 21:30:59.760 18410 18429 D SQLiteCursor: received count(*) from native_fill_window: 0
09-15 21:30:59.763 18410 18429 D SQLiteCursor: received count(*) from native_fill_window: 0
09-15 21:30:59.767 18410 18429 D SQLiteCursor: received count(*) from native_fill_window: 0
09-15 21:30:59.769 18410 18429 D SQLiteCursor: received count(*) from native_fill_window: 0
09-15 21:30:59.771 18410 18429 D SQLiteCursor: received count(*) from native_fill_window: 0
09-15 21:30:59.773 18410 18429 D SQLiteCursor: received count(*) from native_fill_window: 0
09-15 21:30:59.776 18410 18429 D SQLiteCursor: received count(*) from native_fill_window: 0
09-15 21:30:59.780 18410 18442 D Jitsi   : [2105] service.protocol.SingleCallInProgressPolicy.serviceChanged().1099 Service changed.
09-15 21:30:59.781 18410 18442 D Jitsi   : [2105] impl.filehistory.FileHistoryServiceImpl.serviceChanged().628 Received a service event for: org.jitsi.android.gui.AndroidUIServiceImpl
09-15 21:30:59.783 18410 18442 D Jitsi   : [2105] impl.contactlist.MetaContactListServiceImpl.serviceChanged().2330 Received a service event for: org.jitsi.android.gui.AndroidUIServiceImpl
09-15 21:30:59.787 18410 18442 D SQLiteCursor: received count(*) from native_fill_window: 0
09-15 21:30:59.790 18410 18428 D SQLiteCursor: received count(*) from native_fill_window: 0
09-15 21:30:59.794 18410 18442 D SQLiteCursor: received count(*) from native_fill_window: 0
09-15 21:30:59.799 18410 18442 E Jitsi   : [2105] org.jitsi.impl.osgi.framework.launch.EventDispatcher.run().135 Error dispatching event
09-15 21:30:59.799 18410 18442 E Jitsi   : java.lang.NoSuchMethodError: No static method getServiceReferences(Lorg/osgi/framework/BundleContext;Ljava/lang/Class;)[Lorg/osgi/framework/ServiceReference; in class Lnet/java/sip/communicator/util/ServiceUtils; or its super classes (declaration of 'net.java.sip.communicator.util.ServiceUtils' appears in /data/app/org.jitsi-2/base.apk)
09-15 21:30:59.799 18410 18442 E Jitsi   : 	at net.java.sip.communicator.plugin.otr.OtrActivator.start(OtrActivator.java:311)
09-15 21:30:59.799 18410 18442 E Jitsi   : 	at net.java.sip.communicator.util.AbstractServiceDependentActivator$DependentServiceListener.serviceChanged(AbstractServiceDependentActivator.java:134)
09-15 21:30:59.799 18410 18442 E Jitsi   : 	at org.jitsi.impl.osgi.framework.launch.EventDispatcher$Command.run(EventDispatcher.java:129)
09-15 21:30:59.799 18410 18442 E Jitsi   : 	at org.jitsi.impl.osgi.framework.AsyncExecutor.runInThread(AsyncExecutor.java:123)
09-15 21:30:59.799 18410 18442 E Jitsi   : 	at org.jitsi.impl.osgi.framework.AsyncExecutor.access$000(AsyncExecutor.java:29)
09-15 21:30:59.799 18410 18442 E Jitsi   : 	at org.jitsi.impl.osgi.framework.AsyncExecutor$1.run(AsyncExecutor.java:232)
