09-15 21:30:59.800 18410 18442 D Jitsi   : [2105] impl.msghistory.MessageHistoryServiceImpl.serviceChanged().1169 Received a service event for: org.jitsi.android.gui.AndroidUIServiceImpl
09-15 21:30:59.801 18410 18442 D Jitsi   : [2105] impl.callhistory.CallHistoryServiceImpl.serviceChanged().778 Received a service event for: org.jitsi.android.gui.AndroidUIServiceImpl
09-15 21:30:59.803 18410 18442 D Jitsi   : [2105] service.protocol.SingleCallInProgressPolicy.serviceChanged().1099 Service changed.
09-15 21:30:59.804 18410 18442 D Jitsi   : [2105] impl.filehistory.FileHistoryServiceImpl.serviceChanged().628 Received a service event for: net.java.sip.communicator.plugin.sipaccregwizz.AccountRegistrationImpl
09-15 21:30:59.805 18410 18442 D Jitsi   : [2105] impl.contactlist.MetaContactListServiceImpl.serviceChanged().2330 Received a service event for: net.java.sip.communicator.plugin.sipaccregwizz.AccountRegistrationImpl
09-15 21:30:59.806 18410 18442 D Jitsi   : [2105] impl.msghistory.MessageHistoryServiceImpl.serviceChanged().1169 Received a service event for: net.java.sip.communicator.plugin.sipaccregwizz.AccountRegistrationImpl
09-15 21:30:59.807 18410 18442 D Jitsi   : [2105] impl.callhistory.CallHistoryServiceImpl.serviceChanged().778 Received a service event for: net.java.sip.communicator.plugin.sipaccregwizz.AccountRegistrationImpl
09-15 21:30:59.808 18410 18442 D Jitsi   : [2105] plugin.otr.OtrActivator.serviceChanged().239 Received a service event for: net.java.sip.communicator.plugin.sipaccregwizz.AccountRegistrationImpl
09-15 21:30:59.810 18410 18442 D Jitsi   : [2105] service.protocol.SingleCallInProgressPolicy.serviceChanged().1099 Service changed.
09-15 21:30:59.811 18410 18442 D Jitsi   : [2105] impl.filehistory.FileHistoryServiceImpl.serviceChanged().628 Received a service event for: net.java.sip.communicator.plugin.jabberaccregwizz.AccountRegistrationImpl
09-15 21:30:59.814 18410 18442 D Jitsi   : [2105] impl.contactlist.MetaContactListServiceImpl.serviceChanged().2330 Received a service event for: net.java.sip.communicator.plugin.jabberaccregwizz.AccountRegistrationImpl
09-15 21:30:59.815 18410 18442 D Jitsi   : [2105] impl.msghistory.MessageHistoryServiceImpl.serviceChanged().1169 Received a service event for: net.java.sip.communicator.plugin.jabberaccregwizz.AccountRegistrationImpl
09-15 21:30:59.816 18410 18442 D Jitsi   : [2105] impl.callhistory.CallHistoryServiceImpl.serviceChanged().778 Received a service event for: net.java.sip.communicator.plugin.jabberaccregwizz.AccountRegistrationImpl
09-15 21:30:59.817 18410 18442 D Jitsi   : [2105] plugin.otr.OtrActivator.serviceChanged().239 Received a service event for: net.java.sip.communicator.plugin.jabberaccregwizz.AccountRegistrationImpl
09-15 21:30:59.830 18410 18410 I Jitsi   : [1] org.jitsi.android.JitsiApplication.setCurrentActivity().353 Current activity set to null
09-15 21:30:59.904 18410 18422 W art     : requesting thread suspend: Thread[1,tid=18410,Native,Thread*=0x7759896a00,peer=0x764e99d0,"main"]
09-15 21:30:59.904 18410 18422 W art     : requesting thread suspend: Thread[2,tid=18415,Native,Thread*=0x7752e0e000,peer=0x0,"Jit thread pool worker thread 0"]
09-15 21:30:59.904 18410 18422 W art     : requesting thread suspend: Thread[3,tid=18416,WaitingInMainSignalCatcherLoop,Thread*=0x775030e000,peer=0x12c23f70,"Signal Catcher"]
09-15 21:30:59.904 18410 18422 W art     : requesting thread suspend: Thread[4,tid=18418,WaitingInMainDebuggerLoop,Thread*=0x7752e17400,peer=0x12c2c0d0,"JDWP"]
09-15 21:30:59.905 18410 18422 W art     : requesting thread suspend: Thread[5,tid=18419,Waiting,Thread*=0x7750311c00,peer=0x12c2c160,"ReferenceQueueDaemon"]
09-15 21:30:59.905 18410 18422 W art     : requesting thread suspend: Thread[6,tid=18420,Waiting,Thread*=0x7750312600,peer=0x12c2c1f0,"FinalizerDaemon"]
09-15 21:30:59.905 18410 18422 W art     : requesting thread suspend: Thread[7,tid=18421,Sleeping,Thread*=0x7759897400,peer=0x12c2c280,"FinalizerWatchdogDaemon"]
09-15 21:30:59.905 18410 18422 W art     : requesting thread suspend: Thread[9,tid=18423,Native,Thread*=0x774c80c000,peer=0x12c2c4c0,"Binder:18410_1"]
09-15 21:30:59.905 18410 18422 W art     : requesting thread suspend: Thread[10,tid=18424,Native,Thread*=0x7752e27800,peer=0x12c2c550,"Binder:18410_2"]
09-15 21:30:59.905 18410 18422 W art     : requesting thread suspend: Thread[11,tid=18425,Native,Thread*=0x774c812400,peer=0x12c2c790,"Profile Saver"]
09-15 21:30:59.905 18410 18422 W art     : requesting thread suspend: Thread[12,tid=18426,Native,Thread*=0x7752e2dc00,peer=0x12cde9d0,"RenderThread"]
09-15 21:30:59.905 18410 18422 W art     : requesting thread suspend: Thread[13,tid=18428,TimedWaiting,Thread*=0x774c83f600,peer=0x12cde550,"org.jitsi.impl.osgi.framework.AsyncExecutor"]
09-15 21:30:59.905 18410 18422 W art     : requesting thread suspend: Thread[14,tid=18429,TimedWaiting,Thread*=0x774c87fc00,peer=0x12c23790,"org.jitsi.impl.osgi.framework.AsyncExecutor"]
09-15 21:30:59.905 18410 18422 W art     : requesting thread suspend: Thread[15,tid=18442,Waiting,Thread*=0x773d259400,peer=0x12d930d0,"org.jitsi.impl.osgi.framework.AsyncExecutor"]
09-15 21:30:59.905 18410 18422 W art     : requesting thread suspend: Thread[16,tid=18443,Waiting,Thread*=0x773d7fa600,peer=0x12d78e50,"Thread-2"]
09-15 21:30:59.905 18410 18422 W art     : requesting thread suspend: Thread[17,tid=18474,Native,Thread*=0x774c925400,peer=0x12dbac10,"Binder:18410_3"]
09-15 21:30:59.905 18410 18422 W art     : requesting thread suspend: Thread[18,tid=18475,TimedWaiting,Thread*=0x773d7fb000,peer=0x12dbaca0,"process reaper"]
09-15 21:30:59.905 18410 18422 W art     : requesting thread suspend: Thread[21,tid=18481,Waiting,Thread*=0x773d254400,peer=0x12d82430,"Reconnect timer"]
09-15 21:30:59.905 18410 18422 W art     : requesting thread suspend: Thread[20,tid=18482,Waiting,Thread*=0x773d254e00,peer=0x12d89940,"Thread-7"]
09-15 21:30:59.905 18410 18422 W art     : requesting thread suspend: Thread[19,tid=18483,Waiting,Thread*=0x773d253000,peer=0x12f63940,"Thread-8"]
09-15 21:30:59.906 18410 18422 W art     : requesting thread suspend: Thread[22,tid=18484,TimedWaiting,Thread*=0x773d255800,peer=0x12d78700,"Thread-9"]
09-15 21:30:59.906 18410 18422 W art     : requesting thread suspend: Thread[23,tid=18486,Waiting,Thread*=0x774c920400,peer=0x12dfc0d0,"Timer-0"]
09-15 21:30:59.942 18410 18422 W art     : requesting thread suspend: Thread[1,tid=18410,Native,Thread*=0x7759896a00,peer=0x764e99d0,"main"]
09-15 21:30:59.942 18410 18422 W art     : requesting thread suspend: Thread[2,tid=18415,Native,Thread*=0x7752e0e000,peer=0x0,"Jit thread pool worker thread 0"]
09-15 21:30:59.942 18410 18422 W art     : requesting thread suspend: Thread[3,tid=18416,WaitingInMainSignalCatcherLoop,Thread*=0x775030e000,peer=0x12c23f70,"Signal Catcher"]
09-15 21:30:59.944 18410 18422 W art     : requesting thread suspend: Thread[4,tid=18418,WaitingInMainDebuggerLoop,Thread*=0x7752e17400,peer=0x12c2c0d0,"JDWP"]
09-15 21:30:59.944 18410 18422 W art     : requesting thread suspend: Thread[5,tid=18419,Waiting,Thread*=0x7750311c00,peer=0x12c2c160,"ReferenceQueueDaemon"]
09-15 21:30:59.945 18410 18422 W art     : requesting thread suspend: Thread[6,tid=18420,Waiting,Thread*=0x7750312600,peer=0x12c2c1f0,"FinalizerDaemon"]
09-15 21:30:59.945 18410 18422 W art     : requesting thread suspend: Thread[7,tid=18421,Sleeping,Thread*=0x7759897400,peer=0x12c2c280,"FinalizerWatchdogDaemon"]
09-15 21:30:59.945 18410 18422 W art     : requesting thread suspend: Thread[9,tid=18423,Native,Thread*=0x774c80c000,peer=0x12c2c4c0,"Binder:18410_1"]
09-15 21:30:59.945 18410 18422 W art     : requesting thread suspend: Thread[10,tid=18424,Native,Thread*=0x7752e27800,peer=0x12c2c550,"Binder:18410_2"]
09-15 21:30:59.945 18410 18422 W art     : requesting thread suspend: Thread[11,tid=18425,Native,Thread*=0x774c812400,peer=0x12c2c790,"Profile Saver"]
09-15 21:30:59.945 18410 18422 W art     : requesting thread suspend: Thread[12,tid=18426,Native,Thread*=0x7752e2dc00,peer=0x12cde9d0,"RenderThread"]
09-15 21:30:59.945 18410 18422 W art     : requesting thread suspend: Thread[13,tid=18428,TimedWaiting,Thread*=0x774c83f600,peer=0x12cde550,"org.jitsi.impl.osgi.framework.AsyncExecutor"]
09-15 21:30:59.946 18410 18422 W art     : requesting thread suspend: Thread[14,tid=18429,TimedWaiting,Thread*=0x774c87fc00,peer=0x12c23790,"org.jitsi.impl.osgi.framework.AsyncExecutor"]
09-15 21:30:59.946 18410 18422 W art     : requesting thread suspend: Thread[15,tid=18442,Waiting,Thread*=0x773d259400,peer=0x12d930d0,"org.jitsi.impl.osgi.framework.AsyncExecutor"]
09-15 21:30:59.946 18410 18422 W art     : requesting thread suspend: Thread[16,tid=18443,Waiting,Thread*=0x773d7fa600,peer=0x12d78e50,"Thread-2"]
09-15 21:30:59.946 18410 18422 W art     : requesting thread suspend: Thread[17,tid=18474,Native,Thread*=0x774c925400,peer=0x12dbac10,"Binder:18410_3"]
09-15 21:30:59.946 18410 18422 W art     : requesting thread suspend: Thread[18,tid=18475,TimedWaiting,Thread*=0x773d7fb000,peer=0x12dbaca0,"process reaper"]
09-15 21:30:59.946 18410 18422 W art     : requesting thread suspend: Thread[21,tid=18481,Waiting,Thread*=0x773d254400,peer=0x12d82430,"Reconnect timer"]
09-15 21:30:59.946 18410 18422 W art     : requesting thread suspend: Thread[20,tid=18482,Waiting,Thread*=0x773d254e00,peer=0x12d89940,"Thread-7"]
09-15 21:30:59.946 18410 18422 W art     : requesting thread suspend: Thread[19,tid=18483,Waiting,Thread*=0x773d253000,peer=0x12f63940,"Thread-8"]
09-15 21:30:59.947 18410 18422 W art     : requesting thread suspend: Thread[22,tid=18484,TimedWaiting,Thread*=0x773d255800,peer=0x12d78700,"Thread-9"]
09-15 21:30:59.947 18410 18422 W art     : requesting thread suspend: Thread[23,tid=18486,Waiting,Thread*=0x774c920400,peer=0x12dfc0d0,"Timer-0"]
09-15 21:30:59.947 18410 18422 W art     : Suspending all threads took: 5.211ms
09-15 21:30:59.950 18410 18422 I art     : Background partial concurrent mark sweep GC freed 9126(361KB) AllocSpace objects, 0(0B) LOS objects, 28% free, 10MB/14MB, paused 5.837ms total 33.607ms
09-15 21:30:59.988 18410 18410 I Jitsi   : [1] org.jitsi.android.JitsiApplication.setCurrentActivity().353 Current activity set to org.jitsi.android.gui.account.AccountLoginActivity@798847a
--------- beginning of main
09-15 21:58:15.989 18498 18538 W libEGL  : [ANDROID_RECORDABLE] format: 1
09-15 21:58:16.012 18498 18538 D mali_winsys: EGLint new_window_surface(egl_winsys_display*, void*, EGLSurface, EGLConfig, egl_winsys_surface**, egl_color_buffer_format*, EGLBoolean) returns 0x3000
09-15 21:58:19.771 18498 18498 I View    : Key down dispatch to android.widget.EditText{6dd0524 VFED..CL. .F...... 266,269-758,309 #7f0800ba app:id/editContactName}, event = KeyEvent { action=ACTION_DOWN, keyCode=KEYCODE_BACK, scanCode=158, metaState=0, flags=0x8, repeatCount=0, eventTime=5805020580, downTime=5805020580, deviceId=1, source=0x101 }
09-15 21:58:19.891 18498 18498 I View    : Key up dispatch to android.widget.EditText{6dd0524 VFED..CL. .F...... 266,269-758,309 #7f0800ba app:id/editContactName}, event = KeyEvent { action=ACTION_UP, keyCode=KEYCODE_BACK, scanCode=158, metaState=0, flags=0x8, repeatCount=0, eventTime=5805020702, downTime=5805020580, deviceId=1, source=0x101 }
09-15 21:58:19.899 18498 18498 I Jitsi   : [1] org.jitsi.android.JitsiApplication.setCurrentActivity().353 Current activity set to null
09-15 21:58:19.914 18498 18498 I Jitsi   : [1] org.jitsi.android.JitsiApplication.setCurrentActivity().353 Current activity set to org.jitsi.android.gui.Jitsi@bb8d4ae
09-15 21:58:19.921 18498 18498 D Jitsi   : [1] org.jitsi.android.gui.chat.ChatSessionManager.setCurrentChatId().192 Current chat id: null
09-15 21:58:19.922 18498 18498 D Jitsi   : [1] org.jitsi.android.gui.chat.ChatSessionManager.setCurrentChatId().203 Chat for id: null no longer exists
09-15 21:58:19.925 18498 18498 D Jitsi   : [1] org.jitsi.android.gui.chat.ChatSessionManager.setCurrentChatId().192 Current chat id: null
09-15 21:58:19.926 18498 18498 D Jitsi   : [1] org.jitsi.android.gui.chat.ChatSessionManager.setCurrentChatId().203 Chat for id: null no longer exists
09-15 21:58:19.950 18498 18538 W libEGL  : [ANDROID_RECORDABLE] format: 1
09-15 21:58:19.971 18498 18538 D mali_winsys: EGLint new_window_surface(egl_winsys_display*, void*, EGLSurface, EGLConfig, egl_winsys_surface**, egl_color_buffer_format*, EGLBoolean) returns 0x3000
09-15 21:58:20.019 18498 18498 W IInputConnectionWrapper: finishComposingText on inactive InputConnection
09-15 21:58:20.283 18498 18498 D WindowClient: Remove from mViews: DecorView@3deac8a[AddContactActivity], this = android.view.WindowManagerGlobal@9c4b40b
09-15 21:58:21.227 18498 18498 D WindowClient: Add to mViews: android.widget.PopupWindow$PopupDecorView{e3d919d V.E...... ......I. 0,0-0,0}, this = android.view.WindowManagerGlobal@9c4b40b
09-15 21:58:21.230 18498 18498 D ViewRootImpl[PopupWindow:e5e6847]: hardware acceleration is enabled, this = ViewRoot{f030612 PopupWindow:e5e6847,ident = 18}
09-15 21:58:21.257 18498 18538 W libEGL  : [ANDROID_RECORDABLE] format: 1
09-15 21:58:21.261 18498 18538 D mali_winsys: EGLint new_window_surface(egl_winsys_display*, void*, EGLSurface, EGLConfig, egl_winsys_surface**, egl_color_buffer_format*, EGLBoolean) returns 0x3000
09-15 21:58:22.342 18498 18498 D WindowClient: Remove from mViews: android.widget.PopupWindow$PopupDecorView{e3d919d V.E...... .......D 0,0-212,407}, this = android.view.WindowManagerGlobal@9c4b40b
09-15 21:58:22.344 18498 18498 I Jitsi   : [1] org.jitsi.android.JitsiApplication.setCurrentActivity().353 Current activity set to null
09-15 21:58:22.347 18498 18498 D Jitsi   : [1] org.jitsi.android.gui.chat.ChatSessionManager.setCurrentChatId().192 Current chat id: null
09-15 21:58:22.349 18498 18498 D Jitsi   : [1] org.jitsi.android.gui.chat.ChatSessionManager.setCurrentChatId().203 Chat for id: null no longer exists
09-15 21:58:22.403 18498 18498 I Jitsi   : [1] org.jitsi.android.JitsiApplication.setCurrentActivity().353 Current activity set to org.jitsi.android.gui.account.AccountLoginActivity@ee1a193
09-15 21:58:22.405 18498 18498 D WindowClient: Add to mViews: DecorView@b2b120f[AccountLoginActivity], this = android.view.WindowManagerGlobal@9c4b40b
09-15 21:58:22.410 18498 18498 D ViewRootImpl[AccountLoginActivity]: hardware acceleration is enabled, this = ViewRoot{de76573 org.jitsi/org.jitsi.android.gui.account.AccountLoginActivity,ident = 19}
09-15 21:58:22.449 18498 18538 W libEGL  : [ANDROID_RECORDABLE] format: 1
09-15 21:58:22.472 18498 18538 D mali_winsys: EGLint new_window_surface(egl_winsys_display*, void*, EGLSurface, EGLConfig, egl_winsys_surface**, egl_color_buffer_format*, EGLBoolean) returns 0x3000
09-15 21:58:24.269 18498 18498 D WindowClient: Add to mViews: android.widget.PopupWindow$PopupDecorView{e0e7d43 V.E...... ......I. 0,0-0,0}, this = android.view.WindowManagerGlobal@9c4b40b
09-15 21:58:24.272 18498 18498 D ViewRootImpl[PopupWindow:1a5c5fd]: hardware acceleration is enabled, this = ViewRoot{b27efc0 PopupWindow:1a5c5fd,ident = 20}
09-15 21:58:24.298 18498 18538 W libEGL  : [ANDROID_RECORDABLE] format: 1
09-15 21:58:24.302 18498 18538 D mali_winsys: EGLint new_window_surface(egl_winsys_display*, void*, EGLSurface, EGLConfig, egl_winsys_surface**, egl_color_buffer_format*, EGLBoolean) returns 0x3000
09-15 21:58:25.138 18498 18498 D WindowClient: Remove from mViews: android.widget.PopupWindow$PopupDecorView{e0e7d43 V.E...... .......D 0,0-508,101}, this = android.view.WindowManagerGlobal@9c4b40b
09-15 21:58:25.138 18498 18498 W InputEventReceiver: Attempted to finish an input event but the input event receiver has already been disposed.
09-15 21:58:42.653 18498 18498 D Jitsi   : [1] org.jitsi.android.gui.Jitsi.signIn().126 Found 2 already installed providers.
09-15 21:58:42.655 18498 18498 D SQLiteCursor: received count(*) from native_fill_window: 0
09-15 21:58:42.658 18498 18498 D SQLiteCursor: received count(*) from native_fill_window: 0
09-15 21:58:42.661 18498 18498 D SQLiteCursor: received count(*) from native_fill_window: 0
09-15 21:58:42.663 18498 18498 D SQLiteCursor: received count(*) from native_fill_window: 0
09-15 21:58:42.666 18498 18498 D SQLiteCursor: received count(*) from native_fill_window: 142
09-15 21:58:42.671 18498 18498 D SQLiteCursor: received count(*) from native_fill_window: 1
09-15 21:58:42.674 18498 18498 D SQLiteCursor: received count(*) from native_fill_window: 0
09-15 21:58:42.677 18498 18498 D Jitsi   : [1] org.jitsi.impl.configuration.ConfigurationServiceImpl.trace() net.java.sip.communicator.impl.protocol.sip.acc1600172922671.ENCRYPTED_PASSWORD( oldValue=null, newValue=null.
09-15 21:58:42.680 18498 18498 D SQLiteCursor: received count(*) from native_fill_window: 0
09-15 21:58:42.683 18498 18498 D SQLiteCursor: received count(*) from native_fill_window: 0
09-15 21:58:42.687 18498 18498 D Jitsi   : [1] org.jitsi.impl.configuration.ConfigurationServiceImpl.debug() Created an empty file in $HOME: /data/user/0/org.jitsi/files/sip-communicator.xml
09-15 21:58:42.689 18498 18498 D SQLiteCursor: received count(*) from native_fill_window: 0
09-15 21:58:42.692 18498 18498 D SQLiteCursor: received count(*) from native_fill_window: 0
09-15 21:58:42.694 18498 18498 D Jitsi   : [1] impl.credentialsstorage.CredentialsStorageServiceImpl.removePassword().181 Password for 'net.java.sip.communicator.impl.protocol.sip.acc1600172922671' removed
09-15 21:58:42.696 18498 18498 D SQLiteCursor: received count(*) from native_fill_window: 0
09-15 21:58:42.698 18498 18498 D SQLiteCursor: received count(*) from native_fill_window: 0
09-15 21:58:42.700 18498 18498 D SQLiteCursor: received count(*) from native_fill_window: 0
09-15 21:58:42.703 18498 18498 D SQLiteCursor: received count(*) from native_fill_window: 0
09-15 21:58:42.705 18498 18498 D SQLiteCursor: received count(*) from native_fill_window: 0
09-15 21:58:42.707 18498 18498 D SQLiteCursor: received count(*) from native_fill_window: 0
09-15 21:58:42.709 18498 18498 D SQLiteCursor: received count(*) from native_fill_window: 0
09-15 21:58:42.712 18498 18498 D SQLiteCursor: received count(*) from native_fill_window: 0
09-15 21:58:42.714 18498 18498 D SQLiteCursor: received count(*) from native_fill_window: 0
09-15 21:58:42.716 18498 18498 D SQLiteCursor: received count(*) from native_fill_window: 0
09-15 21:58:42.719 18498 18498 D SQLiteCursor: received count(*) from native_fill_window: 0
09-15 21:58:42.721 18498 18498 D SQLiteCursor: received count(*) from native_fill_window: 0
09-15 21:58:42.871 18498 18498 D SQLiteCursor: received count(*) from native_fill_window: 0
09-15 21:58:42.873 18498 18498 D SQLiteCursor: received count(*) from native_fill_window: 0
09-15 21:58:42.878 18498 18498 D Jitsi   : [1] org.jitsi.impl.configuration.ConfigurationServiceImpl.debug() Created an empty file in $HOME: /data/user/0/org.jitsi/files/sip-communicator.xml
09-15 21:58:42.880 18498 18498 D SQLiteCursor: received count(*) from native_fill_window: 0
09-15 21:58:42.882 18498 18498 D SQLiteCursor: received count(*) from native_fill_window: 0
09-15 21:58:42.885 18498 18498 D Jitsi   : [1] service.protocol.AccountManager.storeAccount().768 Stored account for id SIP:45645@192.168.125.254 for package net.java.sip.communicator.impl.protocol.sip
09-15 21:58:42.888 18498 18498 D SQLiteCursor: received count(*) from native_fill_window: 0
09-15 21:58:42.890 18498 18498 D SQLiteCursor: received count(*) from native_fill_window: 0
09-15 21:58:42.892 18498 18498 D Jitsi   : [1] org.jitsi.impl.androidresources.AndroidResourceServiceImpl.getImageInputStreamForPath().241 Request for resource path: resources/images/protocol/sip/sip16x16-offline.png
09-15 21:58:42.894 18498 18498 D Jitsi   : [1] org.jitsi.impl.androidresources.AndroidResourceServiceImpl.getImageInputStreamForPath().248 Translated path: sip_status_offline
09-15 21:58:42.897 18498 18498 D Jitsi   : [1] org.jitsi.impl.androidresources.AndroidResourceServiceImpl.getImageInputStreamForPath().241 Request for resource path: resources/images/protocol/sip/sip16x16-busy.png
09-15 21:58:42.898 18498 18498 D Jitsi   : [1] org.jitsi.impl.androidresources.AndroidResourceServiceImpl.getImageInputStreamForPath().248 Translated path: sip_status_busy
09-15 21:58:42.901 18498 18498 D Jitsi   : [1] org.jitsi.impl.androidresources.AndroidResourceServiceImpl.getImageInputStreamForPath().241 Request for resource path: resources/images/protocol/sip/sip16x16-phone.png
09-15 21:58:42.902 18498 18498 D Jitsi   : [1] org.jitsi.impl.androidresources.AndroidResourceServiceImpl.getImageInputStreamForPath().248 Translated path: sip_status_phone
09-15 21:58:42.905 18498 18498 D Jitsi   : [1] org.jitsi.impl.androidresources.AndroidResourceServiceImpl.getImageInputStreamForPath().241 Request for resource path: resources/images/protocol/sip/sip16x16-meeting.png
09-15 21:58:42.907 18498 18498 D Jitsi   : [1] org.jitsi.impl.androidresources.AndroidResourceServiceImpl.getImageInputStreamForPath().241 Request for resource path: resources/images/protocol/sip/sip16x16-away.png
09-15 21:58:42.908 18498 18498 D Jitsi   : [1] org.jitsi.impl.androidresources.AndroidResourceServiceImpl.getImageInputStreamForPath().248 Translated path: sip_status_away
09-15 21:58:42.911 18498 18498 D Jitsi   : [1] org.jitsi.impl.androidresources.AndroidResourceServiceImpl.getImageInputStreamForPath().241 Request for resource path: resources/images/protocol/sip/sip16x16-online.png
09-15 21:58:42.913 18498 18498 D Jitsi   : [1] org.jitsi.impl.androidresources.AndroidResourceServiceImpl.getImageInputStreamForPath().248 Translated path: sip_status_online
09-15 21:58:42.915 18498 18498 D Jitsi   : [1] org.jitsi.impl.androidresources.AndroidResourceServiceImpl.getImageInputStreamForPath().241 Request for resource path: resources/images/protocol/sip/sip16x16-offline.png
09-15 21:58:42.917 18498 18498 D Jitsi   : [1] org.jitsi.impl.androidresources.AndroidResourceServiceImpl.getImageInputStreamForPath().248 Translated path: sip_status_offline
09-15 21:58:42.930 18498 18498 E Jitsi   : [1] util.UtilActivator.uncaughtException().122 An uncaught exception occurred in thread=Thread[main,5,main] and message was: No virtual method setPathName(Ljava/lang/String;)V in class Ljavax/sip/SipFactory; or its super classes (declaration of 'javax.sip.SipFactory' appears in /system/framework/ext.jar)
09-15 21:58:42.930 18498 18498 E Jitsi   : java.lang.NoSuchMethodError: No virtual method setPathName(Ljava/lang/String;)V in class Ljavax/sip/SipFactory; or its super classes (declaration of 'javax.sip.SipFactory' appears in /system/framework/ext.jar)
09-15 21:58:42.930 18498 18498 E Jitsi   : 	at net.java.sip.communicator.impl.protocol.sip.SipStackSharing.<init>(SipStackSharing.java:174)
09-15 21:58:42.930 18498 18498 E Jitsi   : 	at net.java.sip.communicator.impl.protocol.sip.ProtocolProviderServiceSipImpl.initialize(ProtocolProviderServiceSipImpl.java:598)
09-15 21:58:42.930 18498 18498 E Jitsi   : 	at net.java.sip.communicator.impl.protocol.sip.ProtocolProviderFactorySipImpl.createService(ProtocolProviderFactorySipImpl.java:315)
09-15 21:58:42.930 18498 18498 E Jitsi   : 	at net.java.sip.communicator.service.protocol.ProtocolProviderFactory.loadAccount(ProtocolProviderFactory.java:995)
09-15 21:58:42.930 18498 18498 E Jitsi   : 	at net.java.sip.communicator.service.protocol.ProtocolProviderFactory.loadAccount(ProtocolProviderFactory.java:971)
09-15 21:58:42.930 18498 18498 E Jitsi   : 	at net.java.sip.communicator.impl.protocol.sip.ProtocolProviderFactorySipImpl.installAccount(ProtocolProviderFactorySipImpl.java:140)
09-15 21:58:42.930 18498 18498 E Jitsi   : 	at net.java.sip.communicator.plugin.sipaccregwizz.AccountRegistrationImpl.installAccount(AccountRegistrationImpl.java:126)
09-15 21:58:42.930 18498 18498 E Jitsi   : 	at net.java.sip.communicator.plugin.sipaccregwizz.AccountRegistrationImpl.signin(AccountRegistrationImpl.java:78)
09-15 21:58:42.930 18498 18498 E Jitsi   : 	at org.jitsi.android.gui.account.AccountLoginActivity.signIn(AccountLoginActivity.java:151)
09-15 21:58:42.930 18498 18498 E Jitsi   : 	at org.jitsi.android.gui.account.AccountLoginActivity.onLoginPerformed(AccountLoginActivity.java:206)
09-15 21:58:42.930 18498 18498 E Jitsi   : 	at org.jitsi.android.gui.account.AccountLoginFragment$1.onClick(AccountLoginFragment.java:167)
09-15 21:58:42.930 18498 18498 E Jitsi   : 	at android.view.View.performClick(View.java:5675)
09-15 21:58:42.930 18498 18498 E Jitsi   : 	at android.view.View$PerformClick.run(View.java:22641)
09-15 21:58:42.930 18498 18498 E Jitsi   : 	at android.os.Handler.handleCallback(Handler.java:836)
09-15 21:58:42.930 18498 18498 E Jitsi   : 	at android.os.Handler.dispatchMessage(Handler.java:103)
09-15 21:58:42.930 18498 18498 E Jitsi   : 	at android.os.Looper.loop(Looper.java:203)
09-15 21:58:42.930 18498 18498 E Jitsi   : 	at android.app.ActivityThread.main(ActivityThread.java:6251)
09-15 21:58:42.930 18498 18498 E Jitsi   : 	at java.lang.reflect.Method.invoke(Native Method)
09-15 21:58:42.930 18498 18498 E Jitsi   : 	at com.android.internal.os.ZygoteInit$MethodAndArgsCaller.run(ZygoteInit.java:1063)
09-15 21:58:42.930 18498 18498 E Jitsi   : 	at com.android.internal.os.ZygoteInit.main(ZygoteInit.java:924)
09-15 21:58:42.932 18498 18498 E Jitsi   : [1] org.jitsi.android.plugin.errorhandler.ExceptionHandler.uncaughtException().95 Uncaught exception occurred, killing the process...
09-15 21:58:42.932 18498 18498 E Jitsi   : java.lang.NoSuchMethodError: No virtual method setPathName(Ljava/lang/String;)V in class Ljavax/sip/SipFactory; or its super classes (declaration of 'javax.sip.SipFactory' appears in /system/framework/ext.jar)
09-15 21:58:42.932 18498 18498 E Jitsi   : 	at net.java.sip.communicator.impl.protocol.sip.SipStackSharing.<init>(SipStackSharing.java:174)
09-15 21:58:42.932 18498 18498 E Jitsi   : 	at net.java.sip.communicator.impl.protocol.sip.ProtocolProviderServiceSipImpl.initialize(ProtocolProviderServiceSipImpl.java:598)
09-15 21:58:42.932 18498 18498 E Jitsi   : 	at net.java.sip.communicator.impl.protocol.sip.ProtocolProviderFactorySipImpl.createService(ProtocolProviderFactorySipImpl.java:315)
09-15 21:58:42.932 18498 18498 E Jitsi   : 	at net.java.sip.communicator.service.protocol.ProtocolProviderFactory.loadAccount(ProtocolProviderFactory.java:995)
09-15 21:58:42.932 18498 18498 E Jitsi   : 	at net.java.sip.communicator.service.protocol.ProtocolProviderFactory.loadAccount(ProtocolProviderFactory.java:971)
09-15 21:58:42.932 18498 18498 E Jitsi   : 	at net.java.sip.communicator.impl.protocol.sip.ProtocolProviderFactorySipImpl.installAccount(ProtocolProviderFactorySipImpl.java:140)
09-15 21:58:42.932 18498 18498 E Jitsi   : 	at net.java.sip.communicator.plugin.sipaccregwizz.AccountRegistrationImpl.installAccount(AccountRegistrationImpl.java:126)
09-15 21:58:42.932 18498 18498 E Jitsi   : 	at net.java.sip.communicator.plugin.sipaccregwizz.AccountRegistrationImpl.signin(AccountRegistrationImpl.java:78)
09-15 21:58:42.932 18498 18498 E Jitsi   : 	at org.jitsi.android.gui.account.AccountLoginActivity.signIn(AccountLoginActivity.java:151)
09-15 21:58:42.932 18498 18498 E Jitsi   : 	at org.jitsi.android.gui.account.AccountLoginActivity.onLoginPerformed(AccountLoginActivity.java:206)
09-15 21:58:42.932 18498 18498 E Jitsi   : 	at org.jitsi.android.gui.account.AccountLoginFragment$1.onClick(AccountLoginFragment.java:167)
09-15 21:58:42.932 18498 18498 E Jitsi   : 	at android.view.View.performClick(View.java:5675)
09-15 21:58:42.932 18498 18498 E Jitsi   : 	at android.view.View$PerformClick.run(View.java:22641)
09-15 21:58:42.932 18498 18498 E Jitsi   : 	at android.os.Handler.handleCallback(Handler.java:836)
09-15 21:58:42.932 18498 18498 E Jitsi   : 	at android.os.Handler.dispatchMessage(Handler.java:103)
09-15 21:58:42.932 18498 18498 E Jitsi   : 	at android.os.Looper.loop(Looper.java:203)
09-15 21:58:42.932 18498 18498 E Jitsi   : 	at android.app.ActivityThread.main(ActivityThread.java:6251)
09-15 21:58:42.932 18498 18498 E Jitsi   : 	at java.lang.reflect.Method.invoke(Native Method)
09-15 21:58:42.932 18498 18498 E Jitsi   : 	at com.android.internal.os.ZygoteInit$MethodAndArgsCaller.run(ZygoteInit.java:1063)
09-15 21:58:42.932 18498 18498 E Jitsi   : 	at com.android.internal.os.ZygoteInit.main(ZygoteInit.java:924)
09-15 21:58:42.941 18630 18630 I org.jitsi: type=1400 audit(0.0:40418): avc: denied { execute_no_trans } for path="/system/bin/logcat" dev="mmcblk0p24" ino=68537 scontext=u:r:untrusted_app:s0:c512,c768 tcontext=u:object_r:unlabeled:s0 tclass=file permissive=1
09-15 21:58:42.944 18498 18498 I Process : Sending signal. PID: 18498 SIG: 9
--------- beginning of main
09-17 13:05:53.349 30717 30815 D Jitsi   : [369] impl.protocol.sip.ProtocolProviderServiceSipImpl.getListeningPoint().1703 Query for a UDP listening point
09-17 13:05:53.350 30717 30815 D Jitsi   : [369] impl.protocol.sip.ProtocolProviderServiceSipImpl.getListeningPoint().1709 Will use proxy address
09-17 13:05:53.351 30717 30815 D Jitsi   : [369] impl.protocol.sip.ProtocolProviderServiceSipImpl.getListeningPoint().1735 Returning LP android.gov.nist.javax.sip.ListeningPointImpl@d189360 for transport [UDP] and 
09-17 13:05:53.351 30717 30815 D libc-netbsd: [getaddrinfo]: mtk hostname=192.168.125.254; servname=(null); netid=0; mark=0
09-17 13:05:53.352 30717 30815 D libc-netbsd: [getaddrinfo]: mtk ai_addrlen=0; ai_canonname=(null); ai_flags=4; ai_family=0
09-17 13:05:53.708 30717 30825 D Jitsi   : [379] impl.protocol.sip.ProtocolProviderServiceSipImpl.getListeningPoint().1703 Query for a UDP listening point
09-17 13:05:53.709 30717 30825 D Jitsi   : [379] impl.protocol.sip.ProtocolProviderServiceSipImpl.getListeningPoint().1709 Will use proxy address
09-17 13:05:53.710 30717 30825 D Jitsi   : [379] impl.protocol.sip.ProtocolProviderServiceSipImpl.getListeningPoint().1735 Returning LP android.gov.nist.javax.sip.ListeningPointImpl@d189360 for transport [UDP] and 
09-17 13:05:53.710 30717 30825 D libc-netbsd: [getaddrinfo]: mtk hostname=192.168.125.254; servname=(null); netid=0; mark=0
09-17 13:05:53.711 30717 30825 D libc-netbsd: [getaddrinfo]: mtk ai_addrlen=0; ai_canonname=(null); ai_flags=4; ai_family=0
09-17 13:06:01.123 30717 30717 W IInputConnectionWrapper: finishComposingText on inactive InputConnection
09-17 13:06:11.956 30717 30717 E Jitsi   : [1] util.UtilActivator.uncaughtException().140 An uncaught exception occurred in thread=Thread[main,5,main] and message was: Could not execute method for android:onClick
09-17 13:06:11.956 30717 30717 E Jitsi   : java.lang.IllegalStateException: Could not execute method for android:onClick
09-17 13:06:11.956 30717 30717 E Jitsi   : 	at android.view.View$DeclaredOnClickListener.onClick(View.java:4749)
09-17 13:06:11.956 30717 30717 E Jitsi   : 	at android.view.View.performClick(View.java:5675)
09-17 13:06:11.956 30717 30717 E Jitsi   : 	at android.view.View$PerformClick.run(View.java:22641)
09-17 13:06:11.956 30717 30717 E Jitsi   : 	at android.os.Handler.handleCallback(Handler.java:836)
09-17 13:06:11.956 30717 30717 E Jitsi   : 	at android.os.Handler.dispatchMessage(Handler.java:103)
09-17 13:06:11.956 30717 30717 E Jitsi   : 	at android.os.Looper.loop(Looper.java:203)
09-17 13:06:11.956 30717 30717 E Jitsi   : 	at android.app.ActivityThread.main(ActivityThread.java:6251)
09-17 13:06:11.956 30717 30717 E Jitsi   : 	at java.lang.reflect.Method.invoke(Native Method)
09-17 13:06:11.956 30717 30717 E Jitsi   : 	at com.android.internal.os.ZygoteInit$MethodAndArgsCaller.run(ZygoteInit.java:1063)
09-17 13:06:11.956 30717 30717 E Jitsi   : 	at com.android.internal.os.ZygoteInit.main(ZygoteInit.java:924)
09-17 13:06:11.956 30717 30717 E Jitsi   : Caused by: java.lang.reflect.InvocationTargetException
09-17 13:06:11.956 30717 30717 E Jitsi   : 	at java.lang.reflect.Method.invoke(Native Method)
09-17 13:06:11.956 30717 30717 E Jitsi   : 	at android.view.View$DeclaredOnClickListener.onClick(View.java:4744)
09-17 13:06:11.956 30717 30717 E Jitsi   : 	... 9 more
09-17 13:06:11.956 30717 30717 E Jitsi   : Caused by: java.lang.ClassCastException: java.lang.Object cannot be cast to net.java.sip.communicator.service.contactlist.MetaContactGroup
09-17 13:06:11.956 30717 30717 E Jitsi   : 	at org.jitsi.android.gui.contactlist.AddContactActivity.onAddClicked(AddContactActivity.java:180)
09-17 13:06:11.956 30717 30717 E Jitsi   : 	... 11 more
09-17 13:06:11.958 30717 30717 E Jitsi   : [1] org.jitsi.android.plugin.errorhandler.ExceptionHandler.uncaughtException().95 Uncaught exception occurred, killing the process...
09-17 13:06:11.958 30717 30717 E Jitsi   : java.lang.IllegalStateException: Could not execute method for android:onClick
09-17 13:06:11.958 30717 30717 E Jitsi   : 	at android.view.View$DeclaredOnClickListener.onClick(View.java:4749)
09-17 13:06:11.958 30717 30717 E Jitsi   : 	at android.view.View.performClick(View.java:5675)
09-17 13:06:11.958 30717 30717 E Jitsi   : 	at android.view.View$PerformClick.run(View.java:22641)
09-17 13:06:11.958 30717 30717 E Jitsi   : 	at android.os.Handler.handleCallback(Handler.java:836)
09-17 13:06:11.958 30717 30717 E Jitsi   : 	at android.os.Handler.dispatchMessage(Handler.java:103)
09-17 13:06:11.958 30717 30717 E Jitsi   : 	at android.os.Looper.loop(Looper.java:203)
09-17 13:06:11.958 30717 30717 E Jitsi   : 	at android.app.ActivityThread.main(ActivityThread.java:6251)
09-17 13:06:11.958 30717 30717 E Jitsi   : 	at java.lang.reflect.Method.invoke(Native Method)
09-17 13:06:11.958 30717 30717 E Jitsi   : 	at com.android.internal.os.ZygoteInit$MethodAndArgsCaller.run(ZygoteInit.java:1063)
09-17 13:06:11.958 30717 30717 E Jitsi   : 	at com.android.internal.os.ZygoteInit.main(ZygoteInit.java:924)
09-17 13:06:11.958 30717 30717 E Jitsi   : Caused by: java.lang.reflect.InvocationTargetException
09-17 13:06:11.958 30717 30717 E Jitsi   : 	at java.lang.reflect.Method.invoke(Native Method)
09-17 13:06:11.958 30717 30717 E Jitsi   : 	at android.view.View$DeclaredOnClickListener.onClick(View.java:4744)
09-17 13:06:11.958 30717 30717 E Jitsi   : 	... 9 more
09-17 13:06:11.958 30717 30717 E Jitsi   : Caused by: java.lang.ClassCastException: java.lang.Object cannot be cast to net.java.sip.communicator.service.contactlist.MetaContactGroup
09-17 13:06:11.958 30717 30717 E Jitsi   : 	at org.jitsi.android.gui.contactlist.AddContactActivity.onAddClicked(AddContactActivity.java:180)
09-17 13:06:11.958 30717 30717 E Jitsi   : 	... 11 more
09-17 13:06:11.968 30955 30955 I org.jitsi: type=1400 audit(0.0:44894): avc: denied { execute } for name="logcat" dev="mmcblk0p24" ino=68537 scontext=u:r:untrusted_app:s0:c512,c768 tcontext=u:object_r:unlabeled:s0 tclass=file permissive=1
09-17 13:06:11.968 30955 30955 I org.jitsi: type=1400 audit(0.0:44895): avc: denied { execute_no_trans } for path="/system/bin/logcat" dev="mmcblk0p24" ino=68537 scontext=u:r:untrusted_app:s0:c512,c768 tcontext=u:object_r:unlabeled:s0 tclass=file permissive=1
09-17 13:06:11.971 30717 30717 I Process : Sending signal. PID: 30717 SIG: 9
--------- beginning of main
09-17 13:08:23.976 30960 30960 I Jitsi   : [1] org.jitsi.android.JitsiApplication.setCurrentActivity().353 Current activity set to org.jitsi.android.gui.account.AccountLoginActivity@a5992c4
09-17 13:08:23.980 30960 30960 D WindowClient: Add to mViews: DecorView@4eaf0d0[AccountLoginActivity], this = android.view.WindowManagerGlobal@d7666f7
09-17 13:08:23.983 30960 30960 D ViewRootImpl[AccountLoginActivity]: hardware acceleration is enabled, this = ViewRoot{55adeaf org.jitsi/org.jitsi.android.gui.account.AccountLoginActivity,ident = 7}
09-17 13:08:24.030 30960 30977 W libEGL  : [ANDROID_RECORDABLE] format: 1
09-17 13:08:24.047 30960 30977 D mali_winsys: EGLint new_window_surface(egl_winsys_display*, void*, EGLSurface, EGLConfig, egl_winsys_surface**, egl_color_buffer_format*, EGLBoolean) returns 0x3000
09-17 13:08:25.866 30960 30960 I art     : Rejecting re-init on previously-failed class java.lang.Class<androidx.core.view.ViewCompat$2>: java.lang.NoClassDefFoundError: Failed resolution of: Landroid/view/View$OnUnhandledKeyEventListener;
09-17 13:08:25.866 30960 30960 I art     :   at boolean androidx.core.view.ViewCompat.dispatchUnhandledKeyEventBeforeHierarchy(android.view.View, android.view.KeyEvent) (ViewCompat.java:3750)
09-17 13:08:25.866 30960 30960 I art     :   at boolean androidx.core.view.KeyEventDispatcher.dispatchBeforeHierarchy(android.view.View, android.view.KeyEvent) (KeyEventDispatcher.java:63)
09-17 13:08:25.866 30960 30960 I art     :   at boolean androidx.core.app.ComponentActivity.dispatchKeyEvent(android.view.KeyEvent) (ComponentActivity.java:130)
09-17 13:08:25.866 30960 30960 I art     :   at boolean com.android.internal.policy.DecorView.dispatchKeyEvent(android.view.KeyEvent) (DecorView.java:334)
09-17 13:08:25.867 30960 30960 I art     :   at int android.view.ViewRootImpl$ViewPostImeInputStage.processKeyEvent(android.view.ViewRootImpl$QueuedInputEvent) (ViewRootImpl.java:4822)
09-17 13:08:25.867 30960 30960 I art     :   at int android.view.ViewRootImpl$ViewPostImeInputStage.onProcess(android.view.ViewRootImpl$QueuedInputEvent) (ViewRootImpl.java:4787)
09-17 13:08:25.867 30960 30960 I art     :   at void android.view.ViewRootImpl$InputStage.deliver(android.view.ViewRootImpl$QueuedInputEvent) (ViewRootImpl.java:4298)
09-17 13:08:25.867 30960 30960 I art     :   at void android.view.ViewRootImpl$InputStage.onDeliverToNext(android.view.ViewRootImpl$QueuedInputEvent) (ViewRootImpl.java:4351)
09-17 13:08:25.867 30960 30960 I art     :   at void android.view.ViewRootImpl$InputStage.forward(android.view.ViewRootImpl$QueuedInputEvent) (ViewRootImpl.java:4317)
09-17 13:08:25.867 30960 30960 I art     :   at void android.view.ViewRootImpl$AsyncInputStage.forward(android.view.ViewRootImpl$QueuedInputEvent) (ViewRootImpl.java:4464)
09-17 13:08:25.867 30960 30960 I art     :   at void android.view.ViewRootImpl$InputStage.apply(android.view.ViewRootImpl$QueuedInputEvent, int) (ViewRootImpl.java:4325)
09-17 13:08:25.867 30960 30960 I art     :   at void android.view.ViewRootImpl$AsyncInputStage.apply(android.view.ViewRootImpl$QueuedInputEvent, int) (ViewRootImpl.java:4521)
09-17 13:08:25.867 30960 30960 I art     :   at void android.view.ViewRootImpl$InputStage.deliver(android.view.ViewRootImpl$QueuedInputEvent) (ViewRootImpl.java:4298)
09-17 13:08:25.867 30960 30960 I art     :   at void android.view.ViewRootImpl$InputStage.onDeliverToNext(android.view.ViewRootImpl$QueuedInputEvent) (ViewRootImpl.java:4351)
09-17 13:08:25.867 30960 30960 I art     :   at void android.view.ViewRootImpl$InputStage.forward(android.view.ViewRootImpl$QueuedInputEvent) (ViewRootImpl.java:4317)
09-17 13:08:25.867 30960 30960 I art     :   at void android.view.ViewRootImpl$InputStage.apply(android.view.ViewRootImpl$QueuedInputEvent, int) (ViewRootImpl.java:4325)
09-17 13:08:25.867 30960 30960 I art     :   at void android.view.ViewRootImpl$InputStage.deliver(android.view.ViewRootImpl$QueuedInputEvent) (ViewRootImpl.java:4298)
09-17 13:08:25.867 30960 30960 I art     :   at void android.view.ViewRootImpl$InputStage.onDeliverToNext(android.view.ViewRootImpl$QueuedInputEvent) (ViewRootImpl.java:4351)
09-17 13:08:25.867 30960 30960 I art     :   at void android.view.ViewRootImpl$InputStage.forward(android.view.ViewRootImpl$QueuedInputEvent) (ViewRootImpl.java:4317)
09-17 13:08:25.867 30960 30960 I art     :   at void android.view.ViewRootImpl$AsyncInputStage.forward(android.view.ViewRootImpl$QueuedInputEvent) (ViewRootImpl.java:4497)
09-17 13:08:25.867 30960 30960 I art     :   at void android.view.ViewRootImpl$ImeInputStage.onFinishedInputEvent(java.lang.Object, boolean) (ViewRootImpl.java:4667)
09-17 13:08:25.867 30960 30960 I art     :   at void android.view.inputmethod.InputMethodManager$PendingEvent.run() (InputMethodManager.java:2449)
09-17 13:08:25.867 30960 30960 I art     :   at void android.view.inputmethod.InputMethodManager.invokeFinishedInputEventCallback(android.view.inputmethod.InputMethodManager$PendingEvent, boolean) (InputMethodManager.java:2028)
09-17 13:08:25.867 30960 30960 I art     :   at void android.view.inputmethod.InputMethodManager.finishedInputEvent(int, boolean, boolean) (InputMethodManager.java:2019)
09-17 13:08:25.867 30960 30960 I art     :   at void android.view.inputmethod.InputMethodManager$ImeInputEventSender.onInputEventFinished(int, boolean) (InputMethodManager.java:2426)
09-17 13:08:25.867 30960 30960 I art     :   at void android.view.InputEventSender.dispatchInputEventFinished(int, boolean) (InputEventSender.java:141)
09-17 13:08:25.867 30960 30960 I art     :   at void android.os.MessageQueue.nativePollOnce(long, int) (MessageQueue.java:-2)
09-17 13:08:25.867 30960 30960 I art     :   at android.os.Message android.os.MessageQueue.next() (MessageQueue.java:328)
09-17 13:08:25.867 30960 30960 I art     :   at void android.os.Looper.loop() (Looper.java:148)
09-17 13:08:25.867 30960 30960 I art     :   at void android.app.ActivityThread.main(java.lang.String[]) (ActivityThread.java:6251)
09-17 13:08:25.867 30960 30960 I art     :   at java.lang.Object java.lang.reflect.Method.invoke!(java.lang.Object, java.lang.Object[]) (Method.java:-2)
09-17 13:08:25.868 30960 30960 I art     :   at void com.android.internal.os.ZygoteInit$MethodAndArgsCaller.run() (ZygoteInit.java:1063)
09-17 13:08:25.868 30960 30960 I art     :   at void com.android.internal.os.ZygoteInit.main(java.lang.String[]) (ZygoteInit.java:924)
09-17 13:08:25.868 30960 30960 I art     : Caused by: java.lang.ClassNotFoundException: Didn't find class "android.view.View$OnUnhandledKeyEventListener" on path: DexPathList[[zip file "/data/app/org.jitsi-2/base.apk"],nativeLibraryDirectories=[/data/app/org.jitsi-2/lib/arm, /data/app/org.jitsi-2/base.apk!/lib/armeabi-v7a, /system/lib, /vendor/lib, /system/vendor/lib]]
09-17 13:08:25.868 30960 30960 I art     :   at java.lang.Class dalvik.system.BaseDexClassLoader.findClass(java.lang.String) (BaseDexClassLoader.java:56)
09-17 13:08:25.868 30960 30960 I art     :   at java.lang.Class java.lang.ClassLoader.loadClass(java.lang.String, boolean) (ClassLoader.java:380)
09-17 13:08:25.868 30960 30960 I art     :   at java.lang.Class java.lang.ClassLoader.loadClass(java.lang.String) (ClassLoader.java:312)
09-17 13:08:25.868 30960 30960 I art     :   at boolean androidx.core.view.ViewCompat.dispatchUnhandledKeyEventBeforeHierarchy(android.view.View, android.view.KeyEvent) (ViewCompat.java:3750)
09-17 13:08:25.868 30960 30960 I art     :   at boolean androidx.core.view.KeyEventDispatcher.dispatchBeforeHierarchy(android.view.View, android.view.KeyEvent) (KeyEventDispatcher.java:63)
09-17 13:08:25.868 30960 30960 I art     :   at boolean androidx.core.app.ComponentActivity.dispatchKeyEvent(android.view.KeyEvent) (ComponentActivity.java:130)
09-17 13:08:25.868 30960 30960 I art     :   at boolean com.android.internal.policy.DecorView.dispatchKeyEvent(android.view.KeyEvent) (DecorView.java:334)
09-17 13:08:25.868 30960 30960 I art     :   at int android.view.ViewRootImpl$ViewPostImeInputStage.processKeyEvent(android.view.ViewRootImpl$QueuedInputEvent) (ViewRootImpl.java:4822)
09-17 13:08:25.868 30960 30960 I art     :   at int android.view.ViewRootImpl$ViewPostImeInputStage.onProcess(android.view.ViewRootImpl$QueuedInputEvent) (ViewRootImpl.java:4787)
09-17 13:08:25.868 30960 30960 I art     :   at void android.view.ViewRootImpl$InputStage.deliver(android.view.ViewRootImpl$QueuedInputEvent) (ViewRootImpl.java:4298)
09-17 13:08:25.868 30960 30960 I art     :   at void android.view.ViewRootImpl$InputStage.onDeliverToNext(android.view.ViewRootImpl$QueuedInputEvent) (ViewRootImpl.java:4351)
09-17 13:08:25.868 30960 30960 I art     :   at void android.view.ViewRootImpl$InputStage.forward(android.view.ViewRootImpl$QueuedInputEvent) (ViewRootImpl.java:4317)
09-17 13:08:25.868 30960 30960 I art     :   at void android.view.ViewRootImpl$AsyncInputStage.forward(android.view.ViewRootImpl$QueuedInputEvent) (ViewRootImpl.java:4464)
09-17 13:08:25.868 30960 30960 I art     :   at void android.view.ViewRootImpl$InputStage.apply(android.view.ViewRootImpl$QueuedInputEvent, int) (ViewRootImpl.java:4325)
09-17 13:08:25.868 30960 30960 I art     :   at void android.view.ViewRootImpl$AsyncInputStage.apply(android.view.ViewRootImpl$QueuedInputEvent, int) (ViewRootImpl.java:4521)
09-17 13:08:25.868 30960 30960 I art     :   at void android.view.ViewRootImpl$InputStage.deliver(android.view.ViewRootImpl$QueuedInputEvent) (ViewRootImpl.java:4298)
09-17 13:08:25.868 30960 30960 I art     :   at void android.view.ViewRootImpl$InputStage.onDeliverToNext(android.view.ViewRootImpl$QueuedInputEvent) (ViewRootImpl.java:4351)
09-17 13:08:25.868 30960 30960 I art     :   at void android.view.ViewRootImpl$InputStage.forward(android.view.ViewRootImpl$QueuedInputEvent) (ViewRootImpl.java:4317)
09-17 13:08:25.868 30960 30960 I art     :   at void android.view.ViewRootImpl$InputStage.apply(android.view.ViewRootImpl$QueuedInputEvent, int) (ViewRootImpl.java:4325)
09-17 13:08:25.868 30960 30960 I art     :   at void android.view.ViewRootImpl$InputStage.deliver(android.view.ViewRootImpl$QueuedInputEvent) (ViewRootImpl.java:4298)
09-17 13:08:25.868 30960 30960 I art     :   at void android.view.ViewRootImpl$InputStage.onDeliverToNext(android.view.ViewRootImpl$QueuedInputEvent) (ViewRootImpl.java:4351)
09-17 13:08:25.868 30960 30960 I art     :   at void android.view.ViewRootImpl$InputStage.forward(android.view.ViewRootImpl$QueuedInputEvent) (ViewRootImpl.java:4317)
09-17 13:08:25.868 30960 30960 I art     :   at void android.view.ViewRootImpl$AsyncInputStage.forward(android.view.ViewRootImpl$QueuedInputEvent) (ViewRootImpl.java:4497)
09-17 13:08:25.869 30960 30960 I art     :   at void android.view.ViewRootImpl$ImeInputStage.onFinishedInputEvent(java.lang.Object, boolean) (ViewRootImpl.java:4667)
09-17 13:08:25.869 30960 30960 I art     :   at void android.view.inputmethod.InputMethodManager$PendingEvent.run() (InputMethodManager.java:2449)
09-17 13:08:25.869 30960 30960 I art     :   at void android.view.inputmethod.InputMethodManager.invokeFinishedInputEventCallback(android.view.inputmethod.InputMethodManager$PendingEvent, boolean) (InputMethodManager.java:2028)
09-17 13:08:25.869 30960 30960 I art     :   at void android.view.inputmethod.InputMethodManager.finishedInputEvent(int, boolean, boolean) (InputMethodManager.java:2019)
09-17 13:08:25.869 30960 30960 I art     :   at void android.view.inputmethod.InputMethodManager$ImeInputEventSender.onInputEventFinished(int, boolean) (InputMethodManager.java:2426)
09-17 13:08:25.869 30960 30960 I art     :   at void android.view.InputEventSender.dispatchInputEventFinished(int, boolean) (InputEventSender.java:141)
09-17 13:08:25.869 30960 30960 I art     :   at void android.os.MessageQueue.nativePollOnce(long, int) (MessageQueue.java:-2)
09-17 13:08:25.869 30960 30960 I art     :   at android.os.Message android.os.MessageQueue.next() (MessageQueue.java:328)
09-17 13:08:25.869 30960 30960 I art     :   at void android.os.Looper.loop() (Looper.java:148)
09-17 13:08:25.869 30960 30960 I art     :   at void android.app.ActivityThread.main(java.lang.String[]) (ActivityThread.java:6251)
09-17 13:08:25.869 30960 30960 I art     :   at java.lang.Object java.lang.reflect.Method.invoke!(java.lang.Object, java.lang.Object[]) (Method.java:-2)
09-17 13:08:25.869 30960 30960 I art     :   at void com.android.internal.os.ZygoteInit$MethodAndArgsCaller.run() (ZygoteInit.java:1063)
09-17 13:08:25.869 30960 30960 I art     :   at void com.android.internal.os.ZygoteInit.main(java.lang.String[]) (ZygoteInit.java:924)
09-17 13:08:25.869 30960 30960 I art     : 
09-17 13:08:25.890 30960 30960 I View    : Key down dispatch to android.widget.EditText{7a986c7 VFED..CL. .F...... 266,60-758,100 #7f0801bb app:id/usernameField}, event = KeyEvent { action=ACTION_DOWN, keyCode=KEYCODE_BACK, scanCode=158, metaState=0, flags=0x8, repeatCount=0, eventTime=5946026668, downTime=5946026668, deviceId=1, source=0x101 }
09-17 13:08:25.942 30960 30960 I View    : Key up dispatch to android.widget.EditText{7a986c7 VFED..CL. .F...... 266,60-758,100 #7f0801bb app:id/usernameField}, event = KeyEvent { action=ACTION_UP, keyCode=KEYCODE_BACK, scanCode=158, metaState=0, flags=0x8, repeatCount=0, eventTime=5946026753, downTime=5946026668, deviceId=1, source=0x101 }
09-17 13:08:25.952 30960 30960 I Jitsi   : [1] org.jitsi.android.JitsiApplication.setCurrentActivity().353 Current activity set to null
09-17 13:08:25.968 30960 30960 D Jitsi   : [1] org.jitsi.android.gui.account.Account.setProtocolProvider().327 Registered listeners for ProtocolProviderServiceSipImpl(34234@192.168.125.254 (SIP))
09-17 13:08:25.971 30960 30960 D SQLiteCursor: received count(*) from native_fill_window: 0
09-17 13:08:25.974 30960 30960 D SQLiteCursor: received count(*) from native_fill_window: 0
09-17 13:08:25.976 30960 30960 D Jitsi   : [1] org.jitsi.android.gui.account.Account.addAccountEventListener().375 Added change listener org.jitsi.android.gui.account.AccountsListActivity$AccountStatusListAdapter@d28ac05
09-17 13:08:25.978 30960 30960 D Jitsi   : [1] org.jitsi.android.gui.account.Account.setProtocolProvider().327 Registered listeners for ProtocolProviderServiceSipImpl(+867598204021@ims.ge.chinamobile.com (SIP))
09-17 13:08:25.981 30960 30960 D SQLiteCursor: received count(*) from native_fill_window: 0
09-17 13:08:25.983 30960 30960 D SQLiteCursor: received count(*) from native_fill_window: 0
09-17 13:08:25.985 30960 30960 D Jitsi   : [1] org.jitsi.android.gui.account.Account.addAccountEventListener().375 Added change listener org.jitsi.android.gui.account.AccountsListActivity$AccountStatusListAdapter@d28ac05
